02-17 05:32:20.185  8617  8617 I C04500/webview: [arkweb_utils.cpp:258] get arkweb lib path: /data/storage/el1/bundle/arkwebcore/libs/arm64
02-17 05:32:20.185  8617  8617 I C04500/webview: [arkweb_utils.cpp:202] WebEngineVersionResult, enforce EVERGREEN
02-17 05:32:20.185  8617  8617 I C04500/webview: [arkweb_utils.cpp:277] get arkweb name space: nweb_ns
02-17 05:32:20.186  8617  8617 W C03f00/MUSL-LDSO: load libhitrace_ndk.z.so failed, namespace=default no inherits, errno=2
02-17 05:32:20.186  8617  8617 W C03f00/MUSL-LDSO: load libhilog_ndk.z.so failed, namespace=default no inherits, errno=2
02-17 05:32:20.186  8617  8617 W C03f00/MUSL-LDSO: load libqos.so failed, namespace=default no inherits, errno=2
02-17 05:32:20.186  8617  8617 W C03f00/MUSL-LDSO: load libffrt.z.so failed, namespace=default no inherits, errno=2
02-17 05:32:20.186  8617  8617 W C03f00/MUSL-LDSO: load libohinputmethod.so failed, namespace=default no inherits, errno=2
02-17 05:32:20.186  8617  8617 W C03f00/MUSL-LDSO: load libohavsession.so failed, namespace=default no inherits, errno=2
02-17 05:32:20.186  8617  8617 W C03f00/MUSL-LDSO: load libohfileuri.so failed, namespace=default no inherits, errno=2
02-17 05:32:20.187  8617  8617 W C03f00/MUSL-LDSO: load libnet_ssl.so failed, namespace=default no inherits, errno=2
02-17 05:32:20.187  8617  8617 W C03f00/MUSL-LDSO: load libohaudio.so failed, namespace=default no inherits, errno=2
02-17 05:32:20.187  8617  8617 W C03f00/MUSL-LDSO: load libability_runtime.so failed, namespace=default no inherits, errno=2
02-17 05:32:20.187  8617  8617 W C03f00/MUSL-LDSO: load libnative_rdb_ndk.z.so failed, namespace=default no inherits, errno=2
02-17 05:32:20.188  8617  8617 W C03f00/MUSL-LDSO: load libability_access_control.so failed, namespace=default no inherits, errno=2
02-17 05:32:20.188  8617  8617 W C03f00/MUSL-LDSO: load libohinput.so failed, namespace=default no inherits, errno=2
02-17 05:32:20.188  8617  8617 W C03f00/MUSL-LDSO: load libpasteboard.so failed, namespace=default no inherits, errno=2
02-17 05:32:20.188  8617  8617 W C03f00/MUSL-LDSO: load libnative_window_manager.so failed, namespace=default no inherits, errno=2
02-17 05:32:20.188  8617  8617 W C03f00/MUSL-LDSO: load libdeviceinfo_ndk.z.so failed, namespace=default no inherits, errno=2
02-17 05:32:20.188  8617  8617 W C03f00/MUSL-LDSO: load libohpreferences.so failed, namespace=default no inherits, errno=2
02-17 05:32:20.189  8617  8617 W C03f00/MUSL-LDSO: load libohsensor.so failed, namespace=default no inherits, errno=2
02-17 05:32:20.189  8617  8617 W C03f00/MUSL-LDSO: load libohbattery_info.so failed, namespace=default no inherits, errno=2
02-17 05:32:20.189  8617  8617 W C03f00/MUSL-LDSO: load libohcommonevent.so failed, namespace=default no inherits, errno=2
02-17 05:32:20.189  8617  8617 W C03f00/MUSL-LDSO: load libimage_source.so failed, namespace=default no inherits, errno=2
02-17 05:32:20.189  8617  8617 W C03f00/MUSL-LDSO: load libtime_service_ndk.so failed, namespace=default no inherits, errno=2
02-17 05:32:20.189  8617  8617 W C03f00/MUSL-LDSO: load libnet_connection.so failed, namespace=default no inherits, errno=2
02-17 05:32:20.190  8617  8617 W C03f00/MUSL-LDSO: load libtelephony_data.so failed, namespace=default no inherits, errno=2
02-17 05:32:20.190  8617  8617 W C03f00/MUSL-LDSO: load libtelephony_radio.so failed, namespace=default no inherits, errno=2
02-17 05:32:20.215  8617  8617 I C04500/webview: [arkweb_utils.cpp:387] succeed to load lib file /data/storage/el1/bundle/arkwebcore/libs/arm64/libarkweb_engine.so
02-17 05:32:20.215  8617  8617 I C04500/webview: [arkweb_utils.cpp:416] g_webEngineInitFlag set to true. setActiveWebEngineVersion will be ignored.
02-17 05:32:20.216  8617  8617 I C04500/webview: [nweb_helper.cpp:687] call func NotifyProcessDependedOnWeb and return code is 0
02-17 05:32:20.216  8617  8617 E C04500/webview: [nweb_helper.cpp:701] api level of arkweb core is 0
02-17 05:32:20.233  8617  8617 I C04500/chromium: [arkweb_native_object.cc:136] NativeArkWeb BindWebTagToWebInstance webTag:arkweb:0
02-17 05:32:20.234  8617  8617 I C0391b/AceWeb: [web_pattern.cpp(7900)-(100000:100000:scope)] InitMagnifier
02-17 05:32:20.237  8617  8617 E C02b3f/VIDEOPROCESSENGINE: [algorithm_video.cpp][IsSupported 60] Unsupported type: 0x4
02-17 05:32:20.237  8617  8617 E C02b3f/VIDEOPROCESSENGINE: [algorithm_video.cpp][IsSupported 60] Unsupported type: 0x8
02-17 05:32:20.237  8617  8617 I C0391b/AceWeb: [web_pattern.cpp(1114)-(100000:100000:scope)] WebPattern::OnAttachToFrameNode, web id = -1
02-17 05:32:20.238  8617  8617 E C02b3f/VIDEOPROCESSENGINE: [algorithm_video.cpp][IsSupported 60] Unsupported type: 0x4
02-17 05:32:20.238  8617  8617 E C02b3f/VIDEOPROCESSENGINE: [algorithm_video.cpp][IsSupported 60] Unsupported type: 0x8
02-17 05:32:20.238  8617  8617 I C03900/Ace: [ace_translate_manager.cpp(32)-(100000:100000:scope)] AddTranslateListener WebView nodeId:30
02-17 05:32:20.238  8617  8617 I C0391b/AceWeb: [web_pattern.cpp(6645)-(100000:100000:scope)] SetNestedScrollExt nestedScroll: NestedScrollOptionsExt scrollUp: 1, scrollDown: 1, scrollLeft: 1, scrollRight: 1
02-17 05:32:20.238  8617  8617 I C0391b/AceWeb: [web_pattern.cpp(6575)-(100000:100000:scope)] renderMode is 0
02-17 05:32:20.239  8617  8617 I C01406/RSNode: RSNode::AddChild, Id: 37009733189655, SurfaceNode:[Id: 37009733189656, name: RosenWeb]
02-17 05:32:20.240  8617  8617 W C0391b/AceWeb: [web_delegate.cpp(2869)-(100000:100000:scope)] web controller is nullptr
02-17 05:32:20.240  8617  8617 I C0391b/AceWeb: [web_pattern.cpp(4020)-(100000:100000:scope)] Web isInit 1
02-17 05:32:20.242  8617  8617 I C0391b/AceWeb: [web_pattern.cpp(6355)-(100000:100000:scope)] WebPattern::UpdateBackgroundColorRightNow, color=#FFFFFFFF, web id = -1
02-17 05:32:20.242  8617  8617 I C0391b/AceWeb: [web_pattern.cpp(2149)-(100000:100000:scope)] DragDrop WebEventHub init drag event ok
02-17 05:32:20.242  8617  8617 I C0391b/AceWeb: [web_pattern.cpp(2405)-(100000:100000:scope)] DragDrop, init drag event done, isReceivedArkDrag_ is 0
02-17 05:32:20.242  8617  8617 I C0391b/AceWeb: [web_pattern.cpp(6803)-(100000:100000:scope)] WebPattern::CheckAndSetWebNestedScrollExisted
02-17 05:32:20.242  8617  8617 I C0391b/AceWeb: [web_pattern.cpp(1057)-(100000:100000:scope)] OnAttachToMainTree WebId -1
02-17 05:32:20.242  8617  8617 I C0391b/AceWeb: [web_delegate.cpp(4730)-(100000:100000:scope)] WebDelegate::OnRenderToForeground
02-17 05:32:20.242  8617  8617 I C0391c/AceFocus: [focus_view.cpp(33)-(100000:100000:scope)] view: page/26 show
02-17 05:32:20.243  8617  8617 I C03922/AceNavigation: [navigation_manager.cpp(520)-(100000:100000:scope)] can't find inner navigation
02-17 05:32:20.243  8617  8617 I C03933/AceKeyboard: [stage_manager.cpp(138)-(100000:100000:scope)] StageManager FrameNode notNeedSoftKeyboard.
02-17 05:32:20.243  8617  8617 I C03933/AceKeyboard: [stage_manager.cpp(144)-(100000:100000:scope)] Container not SceneBoardWindow.
02-17 05:32:20.243  8617  8617 I C03925/AceRouter: [page_router_manager.cpp(1521)-(100000:100000:scope)] LoadPage Success
02-17 05:32:20.243  8617  8617 I C0392a/AceUiExtensionComponent: [ui_extension_manager.cpp(527)-(-2:100000:singleton)] NotifyWindowMode aliveUIExtensions = 0
02-17 05:32:20.243  8617  8617 I C03917/AceSafeArea: [safe_area_manager.cpp(208)-(100000:100000:scope)] SetIsFullScreen 1
02-17 05:32:20.243  8617  8617 I C03900/Ace: [pipeline_context.cpp(396)-(100000:100000:scope)] Root node request first frame.
02-17 05:32:20.244  8617  8617 I C04500/chromium: [nweb_impl.cc:848] CreateNWeb NWebId: 1, size 1*1, enhance surface 0
02-17 05:32:20.244  8617  8617 I C04500/webview: [arkweb_utils.cpp:202] WebEngineVersionResult, enforce EVERGREEN
02-17 05:32:20.244  8617  8617 I C04500/webview: [arkweb_utils.cpp:258] get arkweb lib path: /data/storage/el1/bundle/arkwebcore/libs/arm64
02-17 05:32:20.244  8617  8617 I C04500/webview: [arkweb_utils.cpp:202] WebEngineVersionResult, enforce EVERGREEN
02-17 05:32:20.244  8617  8617 I C04500/webview: [arkweb_utils.cpp:277] get arkweb name space: nweb_ns
02-17 05:32:20.244  8617  8617 W C03f00/MUSL-LDSO: dlns_create2 ns is exist.
02-17 05:32:20.244  8617  8617 E C04500/webview: [arkweb_utils.cpp:362] dlns_create failed for '/data/storage/el1/bundle/arkwebcore/libs/arm64': No error information (errno=17)
02-17 05:32:20.244  8617  8617 I C04500/webview: [arkweb_utils.cpp:387] succeed to load lib file /data/storage/el1/bundle/arkwebcore/libs/arm64/libarkweb_engine.so
02-17 05:32:20.244  8617  8617 I C04500/webview: [arkweb_utils.cpp:416] g_webEngineInitFlag set to true. setActiveWebEngineVersion will be ignored.
02-17 05:32:20.244  8617  8617 I C02c03/PARAM_WATCHER: [watcher_manager_kits.cpp:176]Add watcher keyPrefix web.debug.trace remoteWatcherId 68 success
02-17 05:32:20.246  8617  8617 I C02c03/PARAM_WATCHER: [watcher_manager_kits.cpp:176]Add watcher keyPrefix web.render.dump remoteWatcherId 68 success
02-17 05:32:20.246  8617  8802 I C04500/webadapter: [system_properties_adapter_impl.cpp:304] no observers in this key: web.debug.trace
02-17 05:32:20.246  8617  8617 I C04500/chromium: [nweb_output_handler.cc:107] NWeb size change from 0*0 to 1*1, nweb id = 0
02-17 05:32:20.246  8617  8617 W C04500/chromium: [nweb_output_handler.cc:132] resize for emulator early failed, result = 40001000
02-17 05:32:20.246  8617  8617 W C04500/webview: [nweb_config_helper.cpp:514] not found perf config for web_config: factoryConfig/factoryLevel
02-17 05:32:20.246  8617  8617 W C04500/webview: [nweb_config_helper.cpp:514] not found perf config for web_config: factoryConfig/factoryLevel
02-17 05:32:20.246  8617  8617 W C04500/webadapter: [system_properties_adapter_impl.cpp:127] read config factoryLevel: fail
02-17 05:32:20.246  8617  8617 I C01121/BMSQuery: bundle_mgr_proxy_native.cpp:GetCompatibleDeviceTypeNative:63 begin to get compatible device type
02-17 05:32:20.248  8617  8617 W C03f00/MUSL-LDSO: load /system/lib64/platformsdk/libdsmm_innersdk.z.so failed, namespace=default no inherits, errno=2
02-17 05:32:20.248  8617  8617 W C03f00/MUSL-LDSO: load absolute_path /system/lib64/platformsdk/libdsmm_innersdk.z.so: check ns accessible failed namespace=ndk.
02-17 05:32:20.248  8617  8617 W C03f00/MUSL-LDSO: load /system/lib64/platformsdk/libdsmm_innersdk.z.so failed, namespace=ndk no inherits, errno=2
02-17 05:32:20.248  8617  8617 W C03f00/MUSL-LDSO: load /system/lib64/platformsdk/libdsmm_innersdk.z.so failed, namespace=nweb_ns, errno=2
02-17 05:32:20.248  8617  8617 W C03f00/MUSL-LDSO: dlopen_impl load library header failed for /system/lib64/platformsdk/libdsmm_innersdk.z.so
02-17 05:32:20.248  8617  8617 E C04500/chromium: [nweb_advanced_security.cc:51] dlopen failed for 2
02-17 05:32:20.249  8617  8617 I C04500/chromium: [nweb_impl.cc:1298] Init web engine, native window opt for emulator in init, result = 0
02-17 05:32:20.250  8617  8617 I C04500/chromium: [nweb_delegate.cc:604] HasBackgroundColorWithInit, background color = -1
02-17 05:32:20.250  8617  8617 I C04500/chromium: [nweb_delegate.cc:583] DrapDrop InitAppTempDir --ohos-temp-dir=/data/storage/el2/base/haps/entry/temp
02-17 05:32:20.250  8617  8617 I C04500/chromium: [nweb_delegate.cc:690] NWebDelegate::Init incognito_mode:0[shared]
02-17 05:32:20.250  8617  8617 E C04500/chromium: [nweb_delegate.cc:2037] NWebDelegate::InitializeCef, is_initialized:0
02-17 05:32:20.250  8617  8617 I C04500/chromium: [nweb_application.cc:325] NWebApplication::RunAfterContextInitialized, set complete_callback_
02-17 05:32:20.250  8617  8617 I C04500/chromium: [nweb_application.cc:89] NWebApplication::InitializeCef, is_initialized:0
02-17 05:32:20.250  8617  8617 I C04500/chromium: [nweb_file_writer_cleaner.cc:83] GetDeletePendingFiles.
02-17 05:32:20.250  8617  8617 I C04500/chromium: [nweb_file_writer_cleaner.cc:92] GetDeletePendingFiles get pending_files end.
02-17 05:32:20.250  8617  8617 I C04500/cef: [context.cc:513] CefContext::Initialize
02-17 05:32:20.251  8617  8617 E C04500/chromium: [icu_util.cc:192] /data/storage/el1/bundle/nweb/entry/resources/rawfile/icudtl.dat not exists.
02-17 05:32:20.251  8617  8617 I C04500/webview: [arkweb_utils.cpp:202] WebEngineVersionResult, enforce EVERGREEN
02-17 05:32:20.251  8617  8617 I C04500/webview: [arkweb_utils.cpp:331] get arkweb install path: /system/app/com.ohos.arkwebcore/ArkWebCore.hap
02-17 05:32:20.251  8617  8617 I C04500/chromium: [icu_util_ohos.h:56] icu data file length: 10464144
02-17 05:32:20.251  8617  8617 I C04500/chromium: [date_time_format_adapter_impl.cpp:125] stop time_zone listen.
02-17 05:32:20.251  8617  8617 E C04500/chromium: [date_time_format_adapter_impl.cpp:128] stop listen fail. Please RegTimezoneEvent first.
02-17 05:32:20.251  8617  8617 W C04500/cef: [resource_util.cc:87] Please customize CefSettings.root_cache_path for your application. Use of the default value may lead to unintended process singleton behavior.
02-17 05:32:20.252  8617  8617 E C04500/chromium: [filesystem_posix.cc:63] mkdir : No such file or directory (2)
02-17 05:32:20.252  8617  8617 I C04500/cef: [crash_reporting.cc:209] Crash reporting enabled for process: browser
02-17 05:32:20.253  8617  8617 I C04500/cef: [browser_policy_handler.cc:84] InitPolicyFromFile policy_file_path_: /data/storage/el2/base/cache/web/BrowserEnterprisePolicy.json
02-17 05:32:20.253  8617  8617 I C04500/cef: [browser_policy_handler.cc:96] InitPolicyFromFile initial policy: {}
02-17 05:32:20.255  8617  8617 I C04500/chromium: [policy_loader_ohos.cc:72] PolicyLoaderOhos Init api version: 20
02-17 05:32:20.255  8617  8617 I C04500/cef: [browser_policy_handler.cc:117] BrowserPolicyHandler policy bundle gotten
02-17 05:32:20.257  8617  8617 I C04500/chromium: [memory_system.cc:246] gwp-asan is off for this process, enable_type = none, process_type = 
02-17 05:32:20.257  8617  8617 I C04500/webview: [arkweb_utils.cpp:202] WebEngineVersionResult, enforce EVERGREEN
02-17 05:32:20.257  8617  8617 I C04500/webview: [arkweb_utils.cpp:331] get arkweb install path: /system/app/com.ohos.arkwebcore/ArkWebCore.hap
02-17 05:32:20.257  8617  8617 I C04500/chromium: [data_pack_for_include.cc:171] DataPack::LoadFromPath resources/rawfile/chrome_100_percent.pak, data file length: 717953
02-17 05:32:20.257  8617  8617 I C04500/webview: [arkweb_utils.cpp:202] WebEngineVersionResult, enforce EVERGREEN
02-17 05:32:20.257  8617  8617 I C04500/webview: [arkweb_utils.cpp:331] get arkweb install path: /system/app/com.ohos.arkwebcore/ArkWebCore.hap
02-17 05:32:20.257  8617  8617 I C04500/chromium: [data_pack_for_include.cc:171] DataPack::LoadFromPath resources/rawfile/chrome_200_percent.pak, data file length: 1113899
02-17 05:32:20.257  8617  8617 I C04500/webview: [arkweb_utils.cpp:202] WebEngineVersionResult, enforce EVERGREEN
02-17 05:32:20.257  8617  8617 I C04500/webview: [arkweb_utils.cpp:331] get arkweb install path: /system/app/com.ohos.arkwebcore/ArkWebCore.hap
02-17 05:32:20.257  8617  8617 I C04500/chromium: [data_pack_for_include.cc:171] DataPack::LoadFromPath resources/rawfile/locales/en-US.pak, data file length: 513898
02-17 05:32:20.257  8617  8617 I C04500/webview: [arkweb_utils.cpp:202] WebEngineVersionResult, enforce EVERGREEN
02-17 05:32:20.257  8617  8617 I C04500/webview: [arkweb_utils.cpp:331] get arkweb install path: /system/app/com.ohos.arkwebcore/ArkWebCore.hap
02-17 05:32:20.257  8617  8617 I C04500/chromium: [data_pack_for_include.cc:171] DataPack::LoadFromPath resources/rawfile/resources.pak, data file length: 9884907
02-17 05:32:20.259  8617  8849 I C04500/cef: [browser_policy_handler.cc:168] BrowserPolicyHandler add new observer
02-17 05:32:20.260  8617  8853 I C04500/webadapter: [res_sched_client_adapter_impl.cpp:294] ReportKeyThread status: 0, uid: 20010058, pid: 8617, tid:8853, role: 0
02-17 05:32:20.260  8617  8617 I C02800/InputManagerImpl: [][RegisterDevListener:1834] enter
02-17 05:32:20.260  8617  8617 I C02800/InputDeviceImpl: [][RegisterDevListener:41] Register listener of change of input devices
02-17 05:32:20.260  8617  8617 I C02800/InputDeviceImpl: [][StartListeningToServer:307] Start monitoring changes of input devices
02-17 05:32:20.261  8617  8617 I C02800/InputDeviceImpl: [][RegisterDevListener:76] Succeed to register listener of change of input devices
02-17 05:32:20.261  8617  8617 I C02800/InputManagerImpl: [][RegisterDevListener] leave
02-17 05:32:20.263  8617  8617 E C04500/webadapter: [net_connect_adapter_impl.cpp:152] register NetConnCallback failed, ret = 201.
02-17 05:32:20.263  8617  8617 E C04500/chromium: [network_change_notifier_passive_for_include.cc:197] register ohos net connect callback failed.
02-17 05:32:20.270  8617  8617 I C04500/webadapter: [net_proxy_adapter_impl.cpp:200] reg netproxy event
02-17 05:32:20.275  8617  8617 I C04500/chromium: [gl_features.cc:191] hmz1106, kDefaultPassthroughCommandDecoder, DISABLE
02-17 05:32:20.276  8617  8850 W C04500/chromium: [dns_config_service_posix.cc:205] Failed to read DnsConfig.
02-17 05:32:20.277  8617  8617 I C04500/chromium: [background_task_policy.cc:58] [BGTASKPOLICY] OnPassedToGraph
02-17 05:32:20.277  8617  8617 I C04500/chromium: [gl_features.cc:191] hmz1106, kDefaultPassthroughCommandDecoder, DISABLE
02-17 05:32:20.278  8617  8617 I C04500/webadapter: [res_sched_client_adapter_impl.cpp:294] ReportKeyThread status: 0, uid: 20010058, pid: 8617, tid:8858, role: 2
02-17 05:32:20.278  8617  8858 I C04500/chromium: [gl_features.cc:191] hmz1106, kDefaultPassthroughCommandDecoder, DISABLE
02-17 05:32:20.279  8617  8617 I C04500/webadapter: [res_sched_client_adapter_impl.cpp:294] ReportKeyThread status: 0, uid: 20010058, pid: 8617, tid:8860, role: 0
02-17 05:32:20.279  8617  8858 I C04500/chromium: [gl_features.cc:191] hmz1106, kDefaultPassthroughCommandDecoder, DISABLE
02-17 05:32:20.280  8617  8858 I C01400/DISP: [dri2_get_proc_address@egl_dri2.c:1933] procname = eglAcquireExternalContextANGLE
02-17 05:32:20.280  8617  8858 I C01400/DISP: [dri2_get_proc_address@egl_dri2.c:1933] procname = eglCopyMetalSharedEventANGLE
02-17 05:32:20.280  8617  8617 I C04500/webadapter: [res_sched_client_adapter_impl.cpp:294] ReportKeyThread status: 0, uid: 20010058, pid: 8617, tid:8862, role: 4
02-17 05:32:20.280  8617  8858 I C01400/DISP: [dri2_get_proc_address@egl_dri2.c:1933] procname = eglCreateStreamKHR
02-17 05:32:20.280  8617  8858 I C01400/DISP: [dri2_get_proc_address@egl_dri2.c:1933] procname = eglCreateStreamProducerD3DTextureANGLE
02-17 05:32:20.280  8617  8858 I C01400/DISP: [dri2_get_proc_address@egl_dri2.c:1933] procname = eglDestroyStreamKHR
02-17 05:32:20.280  8617  8858 I C01400/DISP: [dri2_get_proc_address@egl_dri2.c:1933] procname = eglExportVkImageANGLE
02-17 05:32:20.280  8617  8858 I C01400/DISP: [dri2_get_proc_address@egl_dri2.c:1933] procname = eglGetCompositorTimingANDROID
02-17 05:32:20.280  8617  8858 I C01400/DISP: [dri2_get_proc_address@egl_dri2.c:1933] procname = eglGetCompositorTimingSupportedANDROID
02-17 05:32:20.280  8617  8858 I C01400/DISP: [dri2_get_proc_address@egl_dri2.c:1933] procname = eglGetFrameTimestampsANDROID
02-17 05:32:20.280  8617  8858 I C01400/DISP: [dri2_get_proc_address@egl_dri2.c:1933] procname = eglGetFrameTimestampSupportedANDROID
02-17 05:32:20.280  8617  8858 I C01400/DISP: [dri2_get_proc_address@egl_dri2.c:1933] procname = eglGetMscRateANGLE
02-17 05:32:20.280  8617  8858 I C01400/DISP: [dri2_get_proc_address@egl_dri2.c:1933] procname = eglGetNativeClientBufferANDROID
02-17 05:32:20.280  8617  8858 I C01400/DISP: [dri2_get_proc_address@egl_dri2.c:1933] procname = eglGetNextFrameIdANDROID
02-17 05:32:20.280  8617  8858 I C01400/DISP: [dri2_get_proc_address@egl_dri2.c:1933] procname = eglHandleGPUSwitchANGLE
02-17 05:32:20.280  8617  8858 I C01400/DISP: [dri2_get_proc_address@egl_dri2.c:1933] procname = eglImageFlushExternalEXT
02-17 05:32:20.280  8617  8858 I C01400/DISP: [dri2_get_proc_address@egl_dri2.c:1933] procname = eglQueryDisplayAttribANGLE
02-17 05:32:20.280  8617  8858 I C01400/DISP: [dri2_get_proc_address@egl_dri2.c:1933] procname = eglQueryStreamKHR
02-17 05:32:20.280  8617  8858 I C01400/DISP: [dri2_get_proc_address@egl_dri2.c:1933] procname = eglQueryStreamu64KHR
02-17 05:32:20.280  8617  8858 I C01400/DISP: [dri2_get_proc_address@egl_dri2.c:1933] procname = eglQueryStringiANGLE
02-17 05:32:20.280  8617  8858 I C01400/DISP: [dri2_get_proc_address@egl_dri2.c:1933] procname = eglQuerySurfacePointerANGLE
02-17 05:32:20.281  8617  8858 I C01400/DISP: [dri2_get_proc_address@egl_dri2.c:1933] procname = eglReacquireHighPowerGPUANGLE
02-17 05:32:20.281  8617  8858 I C01400/DISP: [dri2_get_proc_address@egl_dri2.c:1933] procname = eglReleaseExternalContextANGLE
02-17 05:32:20.281  8617  8858 I C01400/DISP: [dri2_get_proc_address@egl_dri2.c:1933] procname = eglReleaseHighPowerGPUANGLE
02-17 05:32:20.281  8617  8858 I C01400/DISP: [dri2_get_proc_address@egl_dri2.c:1933] procname = eglSetValidationEnabledANGLE
02-17 05:32:20.281  8617  8858 I C01400/DISP: [dri2_get_proc_address@egl_dri2.c:1933] procname = eglStreamAttribKHR
02-17 05:32:20.281  8617  8858 I C01400/DISP: [dri2_get_proc_address@egl_dri2.c:1933] procname = eglStreamConsumerAcquireKHR
02-17 05:32:20.281  8617  8858 I C01400/DISP: [dri2_get_proc_address@egl_dri2.c:1933] procname = eglStreamConsumerGLTextureExternalAttribsNV
02-17 05:32:20.281  8617  8858 I C01400/DISP: [dri2_get_proc_address@egl_dri2.c:1933] procname = eglStreamConsumerGLTextureExternalKHR
02-17 05:32:20.281  8617  8858 I C01400/DISP: [dri2_get_proc_address@egl_dri2.c:1933] procname = eglStreamConsumerReleaseKHR
02-17 05:32:20.281  8617  8858 I C01400/DISP: [dri2_get_proc_address@egl_dri2.c:1933] procname = eglStreamPostD3DTextureANGLE
02-17 05:32:20.281  8617  8858 I C01400/DISP: [dri2_get_proc_address@egl_dri2.c:1933] procname = eglWaitUntilWorkScheduledANGLE
02-17 05:32:20.281  8617  8617 I C04500/chromium: [cdm_registration.cc:240] [DRM]AddSoftwareSecureWidevine
02-17 05:32:20.281  8617  8617 I C04500/chromium: [cdm_registration.cc:426] [DRM]AddWiseplay
02-17 05:32:20.281  8617  8617 I C04500/chromium: [cdm_registration.cc:418] [DRM]AddSoftwareSecureWiseplay
02-17 05:32:20.281  8617  8853 I C04500/chromium: [media_stream_manager.cc:1532] MSM::InitializeMaybeAsync([this=0x1c000858c0])
02-17 05:32:20.281  8617  8853 I C04500/chromium: [media_stream_manager.cc:1532] MDM::MediaDevicesManager()
02-17 05:32:20.281  8617  8853 I C04500/chromium: [media_stream_manager.cc:1532] MSM::MediaStreamManager([this=0x1c000858c0]))
02-17 05:32:20.282  8617  8617 I C04500/webadapter: [res_sched_client_adapter_impl.cpp:294] ReportKeyThread status: 0, uid: 20010058, pid: 8617, tid:8864, role: 0
02-17 05:32:20.283  8617  8864 I C04500/chromium: [event_creator.cc:105] event_message: network qualicy changed http_rtt_ms -1 transport_rtt_ms -1 downstream_throughput_kbps -1 effective_connection_type Offline
02-17 05:32:20.284  8617  8617 W C04500/chromium: [keyed_service_base_factory_for_include.cc:32] WARNING: read file empty: /data/storage/el1/bundle/arkwebcore/etc/disabled_services.json
02-17 05:32:20.284  8617  8617 W C04500/chromium: [keyed_service_base_factory_for_include.cc:32] WARNING: read file empty: /data/storage/el1/bundle/arkwebcore/etc/disabled_services.json
02-17 05:32:20.285  8617  8864 I C04500/chromium: [arkweb_network_service_ext.cc:165] Register network context and set network timeout 0 second(s)
02-17 05:32:20.285  8617  8864 I C04500/chromium: [page_res_parallel_preload_mgr_impl.cc:47] PRPPreload.GetPRParallelPreloadModeInner PRELOAD
02-17 05:32:20.286  8617  8864 I C04500/chromium: [arkweb_network_service_ext.cc:186] Network service set network timeout 30 second(s)
02-17 05:32:20.287  8617  8858 I C01400/DISP: [dri2_get_proc_address@egl_dri2.c:1933] procname = glClearDepth
02-17 05:32:20.287  8617  8858 I C01400/DISP: [dri2_get_proc_address@egl_dri2.c:1933] procname = glDepthRange
02-17 05:32:20.287  8617  8858 I C01400/DISP: [dri2_get_proc_address@egl_dri2.c:1933] procname = glDrawBuffer
02-17 05:32:20.287  8617  8858 I C01400/DISP: [dri2_get_proc_address@egl_dri2.c:1933] procname = glPointParameteri
02-17 05:32:20.287  8617  8858 I C01400/DISP: [dri2_get_proc_address@egl_dri2.c:1933] procname = glPolygonMode
02-17 05:32:20.287  8617  8858 I C01400/DISP: [dri2_get_proc_address@egl_dri2.c:1933] procname = glPrimitiveRestartIndex
02-17 05:32:20.287  8617  8858 I C01400/DISP: [dri2_get_proc_address@egl_dri2.c:1933] procname = glBindFragDataLocationEXT
02-17 05:32:20.287  8617  8858 I C01400/DISP: [dri2_get_proc_address@egl_dri2.c:1933] procname = glBindFragDataLocationIndexedEXT
02-17 05:32:20.287  8617  8858 I C01400/DISP: [dri2_get_proc_address@egl_dri2.c:1933] procname = glBlendBarrierKHR
02-17 05:32:20.287  8617  8858 I C01400/DISP: [dri2_get_proc_address@egl_dri2.c:1933] procname = glClipControlEXT
02-17 05:32:20.287  8617  8858 I C01400/DISP: [dri2_get_proc_address@egl_dri2.c:1933] procname = glCreateMemoryObjectsEXT
02-17 05:32:20.287  8617  8858 I C01400/DISP: [dri2_get_proc_address@egl_dri2.c:1933] procname = glDeleteMemoryObjectsEXT
02-17 05:32:20.287  8617  8858 I C01400/DISP: [dri2_get_proc_address@egl_dri2.c:1933] procname = glDeleteSemaphoresEXT
02-17 05:32:20.287  8617  8858 I C01400/DISP: [dri2_get_proc_address@egl_dri2.c:1933] procname = glDiscardFramebufferEXT
02-17 05:32:20.287  8617  8858 I C01400/DISP: [dri2_get_proc_address@egl_dri2.c:1933] procname = glEGLImageTargetRenderbufferStorageOES
02-17 05:32:20.287  8617  8858 I C01400/DISP: [dri2_get_proc_address@egl_dri2.c:1933] procname = glEGLImageTargetTexture2DOES
02-17 05:32:20.287  8617  8858 I C01400/DISP: [dri2_get_proc_address@egl_dri2.c:1933] procname = glFramebufferTexture2DMultisampleEXT
02-17 05:32:20.287  8617  8858 I C01400/DISP: [dri2_get_proc_address@egl_dri2.c:1933] procname = glGenSemaphoresEXT
02-17 05:32:20.287  8617  8858 I C01400/DISP: [dri2_get_proc_address@egl_dri2.c:1933] procname = glGetFragDataIndexEXT
02-17 05:32:20.287  8617  8858 I C01400/DISP: [dri2_get_proc_address@egl_dri2.c:1933] procname = glGetQueryObjecti64vEXT
02-17 05:32:20.287  8617  8858 I C01400/DISP: [dri2_get_proc_address@egl_dri2.c:1933] procname = glGetQueryObjectivEXT
02-17 05:32:20.287  8617  8858 I C01400/DISP: [dri2_get_proc_address@egl_dri2.c:1933] procname = glGetQueryObjectui64vEXT
02-17 05:32:20.288  8617  8858 I C01400/DISP: [dri2_get_proc_address@egl_dri2.c:1933] procname = glImportMemoryFdEXT
02-17 05:32:20.288  8617  8858 I C01400/DISP: [dri2_get_proc_address@egl_dri2.c:1933] procname = glImportSemaphoreFdEXT
02-17 05:32:20.288  8617  8858 I C01400/DISP: [dri2_get_proc_address@egl_dri2.c:1933] procname = glMapBufferOES
02-17 05:32:20.288  8617  8858 I C01400/DISP: [dri2_get_proc_address@egl_dri2.c:1933] procname = glMaxShaderCompilerThreadsKHR
02-17 05:32:20.288  8617  8858 I C01400/DISP: [dri2_get_proc_address@egl_dri2.c:1933] procname = glMemoryObjectParameterivEXT
02-17 05:32:20.288  8617  8858 I C01400/DISP: [dri2_get_proc_address@egl_dri2.c:1933] procname = glPolygonOffsetClampEXT
02-17 05:32:20.288  8617  8858 I C01400/DISP: [dri2_get_proc_address@egl_dri2.c:1933] procname = glQueryCounterEXT
02-17 05:32:20.288  8617  8858 I C01400/DISP: [dri2_get_proc_address@egl_dri2.c:1933] procname = glRenderbufferStorageMultisampleEXT
02-17 05:32:20.288  8617  8858 I C01400/DISP: [dri2_get_proc_address@egl_dri2.c:1933] procname = glSignalSemaphoreEXT
02-17 05:32:20.288  8617  8858 I C01400/DISP: [dri2_get_proc_address@egl_dri2.c:1933] procname = glTexStorageMem2DEXT
02-17 05:32:20.288  8617  8858 I C01400/DISP: [dri2_get_proc_address@egl_dri2.c:1933] procname = glWaitSemaphoreEXT
02-17 05:32:20.288  8617  8858 I C04500/chromium: [gl_factory_ohos.cc:112] create offscreen glsurface by surfacelessEGL.
02-17 05:32:20.292  8617  8858 I C01400/DISP: [dri2_get_proc_address@egl_dri2.c:1933] procname = glClearDepth
02-17 05:32:20.293  8617  8858 I C01400/DISP: [dri2_get_proc_address@egl_dri2.c:1933] procname = glDepthRange
02-17 05:32:20.293  8617  8858 I C01400/DISP: [dri2_get_proc_address@egl_dri2.c:1933] procname = glDrawBuffer
02-17 05:32:20.293  8617  8858 I C01400/DISP: [dri2_get_proc_address@egl_dri2.c:1933] procname = glPointParameteri
02-17 05:32:20.293  8617  8858 I C01400/DISP: [dri2_get_proc_address@egl_dri2.c:1933] procname = glPolygonMode
02-17 05:32:20.293  8617  8858 I C01400/DISP: [dri2_get_proc_address@egl_dri2.c:1933] procname = glPrimitiveRestartIndex
02-17 05:32:20.293  8617  8858 I C01400/DISP: [dri2_get_proc_address@egl_dri2.c:1933] procname = glBindFragDataLocationEXT
02-17 05:32:20.293  8617  8858 I C01400/DISP: [dri2_get_proc_address@egl_dri2.c:1933] procname = glBindFragDataLocationIndexedEXT
02-17 05:32:20.293  8617  8858 I C01400/DISP: [dri2_get_proc_address@egl_dri2.c:1933] procname = glBlendBarrierKHR
02-17 05:32:20.293  8617  8858 I C01400/DISP: [dri2_get_proc_address@egl_dri2.c:1933] procname = glClipControlEXT
02-17 05:32:20.293  8617  8858 I C01400/DISP: [dri2_get_proc_address@egl_dri2.c:1933] procname = glCreateMemoryObjectsEXT
02-17 05:32:20.293  8617  8858 I C01400/DISP: [dri2_get_proc_address@egl_dri2.c:1933] procname = glDeleteMemoryObjectsEXT
02-17 05:32:20.293  8617  8858 I C01400/DISP: [dri2_get_proc_address@egl_dri2.c:1933] procname = glDeleteSemaphoresEXT
02-17 05:32:20.293  8617  8858 I C01400/DISP: [dri2_get_proc_address@egl_dri2.c:1933] procname = glDiscardFramebufferEXT
02-17 05:32:20.293  8617  8858 I C01400/DISP: [dri2_get_proc_address@egl_dri2.c:1933] procname = glEGLImageTargetRenderbufferStorageOES
02-17 05:32:20.293  8617  8858 I C01400/DISP: [dri2_get_proc_address@egl_dri2.c:1933] procname = glEGLImageTargetTexture2DOES
02-17 05:32:20.293  8617  8858 I C01400/DISP: [dri2_get_proc_address@egl_dri2.c:1933] procname = glFramebufferTexture2DMultisampleEXT
02-17 05:32:20.294  8617  8858 I C01400/DISP: [dri2_get_proc_address@egl_dri2.c:1933] procname = glGenSemaphoresEXT
02-17 05:32:20.294  8617  8858 I C01400/DISP: [dri2_get_proc_address@egl_dri2.c:1933] procname = glGetFragDataIndexEXT
02-17 05:32:20.294  8617  8858 I C01400/DISP: [dri2_get_proc_address@egl_dri2.c:1933] procname = glGetQueryObjecti64vEXT
02-17 05:32:20.294  8617  8858 I C01400/DISP: [dri2_get_proc_address@egl_dri2.c:1933] procname = glGetQueryObjectivEXT
02-17 05:32:20.294  8617  8858 I C01400/DISP: [dri2_get_proc_address@egl_dri2.c:1933] procname = glGetQueryObjectui64vEXT
02-17 05:32:20.294  8617  8858 I C01400/DISP: [dri2_get_proc_address@egl_dri2.c:1933] procname = glImportMemoryFdEXT
02-17 05:32:20.294  8617  8858 I C01400/DISP: [dri2_get_proc_address@egl_dri2.c:1933] procname = glImportSemaphoreFdEXT
02-17 05:32:20.294  8617  8858 I C01400/DISP: [dri2_get_proc_address@egl_dri2.c:1933] procname = glMapBufferOES
02-17 05:32:20.294  8617  8858 I C01400/DISP: [dri2_get_proc_address@egl_dri2.c:1933] procname = glMaxShaderCompilerThreadsKHR
02-17 05:32:20.294  8617  8858 I C01400/DISP: [dri2_get_proc_address@egl_dri2.c:1933] procname = glMemoryObjectParameterivEXT
02-17 05:32:20.294  8617  8858 I C01400/DISP: [dri2_get_proc_address@egl_dri2.c:1933] procname = glPolygonOffsetClampEXT
02-17 05:32:20.294  8617  8858 I C01400/DISP: [dri2_get_proc_address@egl_dri2.c:1933] procname = glQueryCounterEXT
02-17 05:32:20.294  8617  8858 I C01400/DISP: [dri2_get_proc_address@egl_dri2.c:1933] procname = glRenderbufferStorageMultisampleEXT
02-17 05:32:20.294  8617  8858 I C01400/DISP: [dri2_get_proc_address@egl_dri2.c:1933] procname = glSignalSemaphoreEXT
02-17 05:32:20.294  8617  8858 I C01400/DISP: [dri2_get_proc_address@egl_dri2.c:1933] procname = glTexStorageMem2DEXT
02-17 05:32:20.294  8617  8858 I C01400/DISP: [dri2_get_proc_address@egl_dri2.c:1933] procname = glWaitSemaphoreEXT
02-17 05:32:20.295  8617  8858 I C04500/chromium: [gl_factory_ohos.cc:112] create offscreen glsurface by surfacelessEGL.
02-17 05:32:20.295  8617  8858 W C04500/chromium: [viz_main_impl.cc:85] VizNullHypothesis is disabled (not a warning)
02-17 05:32:20.296  8617  8867 I C04500/webadapter: [res_sched_client_adapter_impl.cpp:294] ReportKeyThread status: 0, uid: 20010058, pid: 8617, tid:8867, role: 2
02-17 05:32:20.296  8617  8867 I C04500/chromium: [dynamic_frame_rate_decision.cc:49] start init curent_task_runner_
02-17 05:32:20.296  8617  8858 I C04500/webadapter: [res_sched_client_adapter_impl.cpp:294] ReportKeyThread status: 0, uid: 20010058, pid: 8617, tid:8859, role: 0
02-17 05:32:20.299  8617  8617 I C04500/chromium: [browser_prefs.cc:2108] [DRM]RegisterProfilePrefs
02-17 05:32:20.303  8617  8617 W C04500/chromium: [account_consistency_mode_manager.cc:77] Desktop Identity Consistency cannot be enabled as no OAuth client ID and client secret have been configured.
02-17 05:32:20.308  8617  8617 I C04500/cef: [cookie_manager_impl_ext.cc:409] CefCookieManagerImplExt::SetNetWorkCookieManager cookie_manager_remote
02-17 05:32:20.308  8617  8871 I C04500/cef: [cookie_manager_impl_ext.cc:392] CefCookieManagerImplExt::SetNetWorkCookieManagerRemoteAsync
02-17 05:32:20.308  8617  8871 I C04500/cef: [cookie_manager_impl_ext.cc:378] CefCookieManagerImplExt::SetNetWorkCookieManagerRemoteComplete
02-17 05:32:20.312  8617  8617 E C04500/chromium: [nweb_extension_proxy_cef_delegate.cc:31] NWebExtensionProxyCefDelegate::NotifyProxyInfo: ARKWEB_NWEB_EX is not enabled
02-17 05:32:20.318  8617  8864 I C04500/chromium: [arkweb_network_service_ext.cc:165] Register network context and set network timeout 30 second(s)
02-17 05:32:20.325  8617  8617 E C04500/chromium: [libc_interceptor.cc:280] Your system is broken: dlsym doesn't work! This has been reported to be caused by Nvidia's libGL. You should expect time related functions to misbehave. https://bugs.chromium.org/p/chromium/issues/detail?id=16800
02-17 05:32:20.329  8617  8617 I C04500/chromium: [extension_registry_info_manager.cc:193] ExtensionRegistryInfoManager::init
02-17 05:32:20.330  8617  8617 I C04500/chromium: [extension_registry_info_manager.cc:440] ExtensionRegistryInfoManager::Loaded
02-17 05:32:20.331  8617  8617 E C04500/chromium: [url_pattern_set.cc:298] Invalid url pattern: arkweb://resources/*
02-17 05:32:20.331  8617  8617 E C04500/chromium: [url_pattern_set.cc:298] Invalid url pattern: arkweb://resources/*
02-17 05:32:20.331  8617  8617 I C04500/chromium: [extension_registry_info_manager.cc:440] ExtensionRegistryInfoManager::Loaded
02-17 05:32:20.334  8617  8864 I C04500/chromium: [arkweb_network_service_ext.cc:165] Register network context and set network timeout 30 second(s)
02-17 05:32:20.334  8617  8617 I C04500/cef: [request_context_impl.cc:280] CefRequestContextImpl::ExecuteWhenBrowserContextInitialized, not on ui
02-17 05:32:20.338  8617  8617 I C04500/cef: [cookie_manager_impl_ext.cc:409] CefCookieManagerImplExt::SetNetWorkCookieManager cookie_manager_remote
02-17 05:32:20.339  8617  8876 I C04500/cef: [cookie_manager_impl_ext.cc:392] CefCookieManagerImplExt::SetNetWorkCookieManagerRemoteAsync
02-17 05:32:20.339  8617  8876 I C04500/cef: [cookie_manager_impl_ext.cc:378] CefCookieManagerImplExt::SetNetWorkCookieManagerRemoteComplete
02-17 05:32:20.346  8617  8864 I C04500/chromium: [arkweb_network_service_ext.cc:165] Register network context and set network timeout 30 second(s)
02-17 05:32:20.346  8617  8617 I C04500/cef: [request_context_impl.cc:280] CefRequestContextImpl::ExecuteWhenBrowserContextInitialized, not on ui
02-17 05:32:20.347  8617  8617 I C04500/chromium: [browser_process_impl_ext.cc:57] adblock path: /data/storage/el2/base/cache/web
02-17 05:32:20.347  8617  8617 I C04500/cef: [context.cc:639] CefContext::OnContextInitialized
02-17 05:32:20.347  8617  8617 I C04500/cef: [request_context_impl.cc:280] CefRequestContextImpl::ExecuteWhenBrowserContextInitialized, not on ui
02-17 05:32:20.347  8617  8617 I C04500/chromium: [nweb_application.cc:188] NWebApplication::OnContextInitialized, begin
02-17 05:32:20.347  8617  8617 I C04500/chromium: [nweb_application.cc:192] NWebApplication::OnContextInitialized, into callback
02-17 05:32:20.347  8617  8617 I C04500/chromium: [nweb_delegate.cc:3540] NWebDelegate::OnContextInitializeComplete
02-17 05:32:20.347  8617  8617 I C04500/chromium: [nweb_application.cc:344] NWebApplication::CreateBrowser
02-17 05:32:20.347  8617  8617 I C04500/chromium: [nweb_application.cc:386] NWebApplication::CreateBrowser, 2
02-17 05:32:20.348  8617  8617 I C04500/chromium: [render_process_host_impl.cc:4907] Request to create a new rendering process, current count: 0 Max: 1
02-17 05:32:20.349  8617  8617 I C04500/chromium: [background_task_policy.cc:68] [BGTASKPOLICY] OnPageNodeAdded
02-17 05:32:20.349  8617  8617 I C04500/chromium: [background_task_policy.cc:160] BackgroundTaskPolicy::MaybeChangeBackgroundTask  page_node hash=85378a34adb80b9b visible_page_num_: 1 media_playing_num_: 0 audio_state_num_: 0 is_request_background_task_: 0
02-17 05:32:20.349  8617  8617 I C04500/chromium: [background_task_policy.cc:181] [BGTASKPOLICY] no change return
02-17 05:32:20.349  8617  8617 I C04500/cef: [alloy_browser_host_impl.cc:198] AlloyBrowserHostImpl::CreateInternal, begin
02-17 05:32:20.350  8617  8617 I C01c02/PBS: PasteboardObserver# New Pasteboard Observer.
02-17 05:32:20.350  8617  8617 I C01c01/PBC: GetPasteboardService# GetPasteboardService start.
02-17 05:32:20.350  8617  8617 I C01c01/PBC: GetPasteboardService# Get PasteboardServiceProxy succeed.
02-17 05:32:20.352  8617  8617 I C04500/webview: [arkweb_utils.cpp:202] WebEngineVersionResult, enforce EVERGREEN
02-17 05:32:20.352  8617  8617 I C04500/webview: [arkweb_utils.cpp:331] get arkweb install path: /system/app/com.ohos.arkwebcore/ArkWebCore.hap
02-17 05:32:20.352  8617  8802 I C01c01/PBC: OnAddSystemAbility# pasteboard service started
02-17 05:32:20.353  8617  8617 I C04500/cef: [arkweb_web_contents_view_osr_ext.cc:42] CefWebContentsViewOSR::WebContentsCreated
02-17 05:32:20.353  8617  8617 I C04500/chromium: [nweb_handler_delegate.cc:1019] NWebHandlerDelegate::OnAfterCreated IsPopup 0
02-17 05:32:20.353  8617  8617 I C04500/cef: [request_context_impl.cc:280] CefRequestContextImpl::ExecuteWhenBrowserContextInitialized, not on ui
02-17 05:32:20.353  8617  8617 I C04500/chromium: [nweb_file_writer_cleaner.cc:97] DeleteDownloadTempDir.
02-17 05:32:20.355  8617  8617 I C04500/cef: [ark_web_frame_host_impl.cc:77] UpdatePixelRatio in browser CefFrameHostImpl start, ratio:2.875
02-17 05:32:20.355  8617  8617 I C04201/DMS: [oh_display_manager.cpp] OH_NativeDisplayManager_IsFoldable: [DMNDK] get display isFoldable=0.
02-17 05:32:20.355  8617  8617 I C04500/chromium: [nweb_impl.cc:1229] GetVirtualPixelRatio ratio: 2.875000
02-17 05:32:20.355  8617  8617 I C04500/webview: [arkweb_utils.cpp:202] WebEngineVersionResult, enforce EVERGREEN
02-17 05:32:20.355  8617  8617 I C04500/webview: [arkweb_utils.cpp:331] get arkweb install path: /system/app/com.ohos.arkwebcore/ArkWebCore.hap
02-17 05:32:20.356  8617  8617 I C04500/webview: [arkweb_utils.cpp:202] WebEngineVersionResult, enforce EVERGREEN
02-17 05:32:20.356  8617  8617 I C04500/webview: [arkweb_utils.cpp:331] get arkweb install path: /system/app/com.ohos.arkwebcore/ArkWebCore.hap
02-17 05:32:20.356  8617  8617 I C04500/chromium: [data_pack_for_include.cc:171] DataPack::LoadFromPath resources/rawfile/locales/en-US.pak, data file length: 513898
02-17 05:32:20.356  8617  8617 I C04500/chromium: [nweb_impl.cc:1385] NWebImpl::InitWebEngine, isReady:1
02-17 05:32:20.356  8617  8617 I C04500/webadapter: [net_proxy_adapter_impl.cpp:230] start netproxy listen
02-17 05:32:20.356  8617  8617 I C04500/webadapter: [net_proxy_adapter_impl.cpp:212] start NetProxy changed
02-17 05:32:20.357  8617  8617 I C01719/ffrt: 7:QueueHandler:71 construct sq_ces_queue_2_3 succ, qos[2]
02-17 05:32:20.358  8617  8617 I C015b0/NetConnManager: registerCallback id:0.
02-17 05:32:20.358  8617  8617 I C04500/webview: [arkweb_utils.cpp:202] WebEngineVersionResult, enforce EVERGREEN
02-17 05:32:20.358  8617  8617 E C04500/chromium: [nweb_impl.cc:863] CreateNWeb NWebId: 1 successfully
02-17 05:32:20.358  8617  8617 I C04500/webview: [arkweb_utils.cpp:202] WebEngineVersionResult, enforce EVERGREEN
02-17 05:32:20.358  8617  8617 I C04500/chromium: [nweb_impl.cc:931] NWebImpl::InitializeWebEngine, begin
02-17 05:32:20.358  8617  8617 I C04500/chromium: [nweb_application.cc:89] NWebApplication::InitializeCef, is_initialized:1
02-17 05:32:20.358  8617  8617 I C04500/chromium: [nweb_application.cc:93] has initialized cef.
02-17 05:32:20.358  8617  8617 I C04500/webview: [nweb_helper.cpp:766] succeed to init web engine
02-17 05:32:20.359  8617  8617 I C04500/chromium: [nweb_handler_delegate.cc:662] RegisterNWebHandler
02-17 05:32:20.361  8617  8617 I C04500/chromium: [nweb_preference_delegate.cc:416] Put JavaScript Enabled:1
02-17 05:32:20.361  8617  8617 I C01121/BMSQuery: bundle_mgr_proxy_native.cpp:GetBundleInfoForSelf:44 begin to get bundle info for self
02-17 05:32:20.364  8617  8617 I C02b91/AVSession: [CurlSetRequestOptions]DoDownload curl easy_perform failure: URL using bad/illegal format or missing URL
02-17 05:32:20.366  8617  8617 I C04500/webview: [native_arkweb_utils.cpp:31] native OH_NativeArkWeb_BindWebTagToWebInstance webTag: arkweb:0
02-17 05:32:20.366  8617  8617 I C04500/chromium: [arkweb_native_object.cc:136] NativeArkWeb BindWebTagToWebInstance webTag:arkweb:0
02-17 05:32:20.366  8617  8617 W C04500/chromium: [arkweb_native_object.cc:67] NativeArkWeb valid callback is nullptr
02-17 05:32:20.366  8617  8617 I C04500/webview: [native_interface_arkweb.cpp:180] native OH_Web_GetValidCallback, webTag: arkweb:0
02-17 05:32:20.366  8617  8617 W C04500/webview: [webview_controller.cpp:219] native validCallback is null, callback nothing
02-17 05:32:20.366  8617  8617 E C04500/webview: [napi_parse_utils.cpp:249] Not a valid napi string
02-17 05:32:20.366  8617  8617 I C04500/chromium: [nweb_delegate.cc:2510] RegisterArkJSfunction name : androidBridge
02-17 05:32:20.366  8617  8617 I C04500/chromium: [nweb_inputmethod_handler.cc:1492] NWebInputMethodHandler::SetWindowIdForIME windowId: 34
02-17 05:32:20.366  8617  8617 I C04200/WindowImpl: (225)FindWindow id: 34
02-17 05:32:20.366  8617  8617 I C0391b/AceWeb: [web_delegate.cpp(3182)-(100000:100000:scope)] device type does not satisfy.
02-17 05:32:20.366  8617  8617 I C04500/chromium: [nweb_impl.cc:1521] NWebImpl::SetDrawMode 0, nweb_id = 1
02-17 05:32:20.366  8617  8617 I C04500/chromium: [nweb_impl.cc:1537] NWebImpl::SetFitContentMode 0, nweb_id = 1
02-17 05:32:20.367  8617  8617 I C0391b/AceWeb: [web_pattern.cpp(8410)-(100000:100000:scope)] Web InitAIDetectResult
02-17 05:32:20.367  8617  8617 I C04500/chromium: [nweb_impl.cc:5762] popup window opt for emulator in init, result = 0
02-17 05:32:20.367  8617  8617 I C04500/chromium: [nweb_preference_delegate.cc:416] Put JavaScript Enabled:1
02-17 05:32:20.368  8617  8617 I C0391b/AceWeb: [web_delegate.cpp(8954)-(100000:100000:scope)] WebDelegate::UpdateBypassVsyncCondition condition:0
02-17 05:32:20.368  8617  8617 I C04500/chromium: [nweb_preference_delegate.cc:112] NWebPreferenceDelegate::SetBypassVsyncCondition condition:0
02-17 05:32:20.368  8617  8617 I C04500/cef: [arkweb_browser_host_ext.cc:1283] ArkWebBrowserHostExtImpl::SetBypassVsyncCondition condition:0
02-17 05:32:20.370  8617  8617 I C04500/chromium: [nweb_engine_impl.cc:104] SetWebDebuggingAccess(0), g_web_debugging_enabled[0], g_web_debugging_port[0]
02-17 05:32:20.370  8617  8617 I C04500/chromium: [nweb_preference_delegate.cc:557] Put Pinch Smooth Mode:0
02-17 05:32:20.373  8617  8617 I C04500/chromium: [feature_list_utils.cc:37] set Scrollbar:0 state:2
02-17 05:32:20.373  8617  8617 I C04500/chromium: [feature_list_utils.cc:56] scroll add feature: OverlayScrollbar state:2
02-17 05:32:20.373  8617  8617 I C04500/chromium: [feature_list_utils.cc:56] scroll add feature: ForceScrollbar state:2
02-17 05:32:20.374  8617  8617 I C04500/chromium: [nweb_preference_delegate.cc:1204] NWebPreferenceDelegate::PutWebMediaAVSessionEnabled enable:1
02-17 05:32:20.374  8617  8617 I C04500/chromium: [media_session_impl_for_include.cc:129] media avsession MediaSessionImpl::PutWebMediaAVSessionEnabled enable is: 1
02-17 05:32:20.374  8617  8617 I C0391b/AceWeb: [web_delegate.cpp(8972)-(100000:100000:scope)] WebDelegate::UpdateGestureFocusMode mode:0
02-17 05:32:20.376  8617  8617 I C04500/chromium: [nweb_delegate.cc:5706] SetSurfaceDensity: 2.875
02-17 05:32:20.377  8617  8617 E C04500/webadapter: [camera_manager_adapter_impl.cpp:738] cameraManager_ is nullptr
02-17 05:32:20.377  8617  8617 I C04500/chromium: [nweb_delegate.cc:1788] NWebDelegate::OnWindowShow, nweb id = 1
02-17 05:32:20.377  8617  8617 I C04500/cef: [alloy_browser_host_impl_ext.cc:1628] AlloyBrowserHostImplExt::SetVisible nweb_id: 1, visible 1
02-17 05:32:20.377  8617  8617 I C0391b/AceWeb: [web_pattern.cpp(8416)-(100000:100000:scope)] Get AI entity menu from ai_engine
02-17 05:32:20.377  8617  8617 W C03f00/MUSL-LDSO: load absolute_path system/lib64/libai_text_analyzer_innerapi.z.so: check ns accessible failed namespace=ndk.
02-17 05:32:20.377  8617  8617 W C03f00/MUSL-LDSO: load system/lib64/libai_text_analyzer_innerapi.z.so failed, namespace=ndk no inherits, errno=2
02-17 05:32:20.377  8617  8617 W C03f00/MUSL-LDSO: load system/lib64/libai_text_analyzer_innerapi.z.so failed, namespace=default, errno=2
02-17 05:32:20.377  8617  8617 W C03f00/MUSL-LDSO: dlopen_impl load library header failed for system/lib64/libai_text_analyzer_innerapi.z.so
02-17 05:32:20.377  8617  8617 I C04202/WMSMain: [vsync_station.cpp] VsyncCallbackInner: First vsync has come back, nodeId: 37009733189633
02-17 05:32:20.377  8617  8617 I C0391b/AceWeb: [web_pattern.cpp(6286)-(100000:100000:scope)] WebPattern::OnActive webId:1, isActive:1
02-17 05:32:20.377  8617  8617 I C0391b/AceWeb: [web_pattern.cpp(872)-(100000:100000:scope)] WebPattern::SetActiveStatusInner webId:1, isActive_:1, isActive:1, isForce:0
02-17 05:32:20.378  8617  8617 I C0391b/AceWeb: [web_pattern.cpp(2994)-(100000:100000:scope)] Not safe area, drawsize_ : [1080.00 x 2124.00], web id : 1
02-17 05:32:20.378  8617  8617 W C03952/AceAppBar: [container_modal_pattern.cpp(689)-(100000:100000:scope)] Get rect of buttons failed, buttonRow are hidden
02-17 05:32:20.378  8617  8617 I C03900/Ace: [pipeline_context.cpp(803)-(100000:100000:scope)] ArkUi flush first frame messages.
02-17 05:32:20.379  8617  8617 I C0391c/AceFocus: [focus_view.cpp(309)-(100000:100000:scope)] Request focus on focusView: page/26.
02-17 05:32:20.379  8617  8617 I C0391c/AceFocus: [focus_manager.cpp(435)-(100000:100000:scope)] WinFocusMove end, root/0 onBlur, Column/29 onFocus, start: 2, end: 1, update: 2
02-17 05:32:20.379  8617  8617 I C03933/AceKeyboard: [input_method_manager_ohos.cpp(51)-(100000:100000:scope)] current focus node: (Column/29). isDynamic: 0
02-17 05:32:20.379  8617  8617 I C03933/AceKeyboard: [input_method_manager_ohos.cpp(171)-(100000:100000:scope)] Trigger ArkWindow Focus Callback
02-17 05:32:20.379  8617  8617 I C03933/AceKeyboard: [pipeline_context.cpp(299)-(100000:100000:scope)] window switch need keyboard <private>
02-17 05:32:20.380  8617  8617 I C03933/AceKeyboard: [input_method_manager_ohos.cpp(288)-(100000:100000:scope)] across processes CloseKeyboard Successfully.
02-17 05:32:20.380  8617  8617 I C0390d/AceOverlay: [pipeline_context.cpp(1519)-(100000:100000:scope)] start OnAreaChangedFunc
02-17 05:32:20.380  8617  8617 I C0390d/AceOverlay: [overlay_manager.cpp(2980)-(100000:100000:scope)] hide all menus enter
02-17 05:32:20.381  8617  8617 I C03903/AceSubWindow: [subwindow_manager.cpp(330)-(100000:100000:scope)] hide menu ng exit, window not exist
02-17 05:32:20.381  8617  8617 I C03934/AceUIEvent: [frame_node.cpp(2104)-(100000:100000:scope)] exp=1 ratio=1.000000 30-25 reason=1
02-17 05:32:20.381  8617  8617 I C0391b/AceWeb: [web_pattern.cpp(6298)-(100000:100000:scope)] WebPattern::OnVisibleAreaChange webId:1, isVisible:1, old_isVisible:1, isVisibleActiveEnable:1, isDialogNested:0, isFocus:0
02-17 05:32:20.381  8617  8617 I C04200/WindowImpl: (429)GetAvoidAreaByType Search Type: 0
02-17 05:32:20.382  8617  8617 I C04200/WindowImpl: (429)GetAvoidAreaByType Search Type: 1
02-17 05:32:20.382  8617  8617 I C04200/WindowImpl: (429)GetAvoidAreaByType Search Type: 4
02-17 05:32:20.382  8617  8617 I C0391b/AceWeb: [web_delegate.cpp(3243)-(100000:100000:scope)] RegisterAvoidAreaChangeListener result:0
02-17 05:32:20.382  8617  8617 I C02d66/Hiview-PerfMonitor: ProcessJank: JankFrameMonitor::ProcessJank jank >= threshold
02-17 05:32:20.383  8617  8617 I C04500/chromium: [arkweb_device_data_manager_utils.cc:134] DeviceDataManager add keyboard device id: 1
02-17 05:32:20.383  8617  8617 I C04500/chromium: [arkweb_device_data_manager_utils.cc:134] DeviceDataManager add keyboard device id: 3
02-17 05:32:20.383  8617  8617 I C04500/chromium: [arkweb_device_data_manager_utils.cc:134] DeviceDataManager add keyboard device id: 5
02-17 05:32:20.388  8617  8617 E C04500/chromium: [nweb_application.cc:217] There is no web inited callback to run.
02-17 05:32:20.388  8617  8617 W C04500/chromium: [media_session_ohos.cc:121] MediaSessionInfoChanged media avsession before Prepare return for type invalid
02-17 05:32:20.388  8617  8617 I C04500/chromium: [battery_mgr_client_adapter_impl.cpp:105] Reg Battery Event
02-17 05:32:20.388  8617  8617 I C04500/chromium: [battery_status_manager_ohos.cc:138] start listening battery change
02-17 05:32:20.388  8617  8617 I C04500/chromium: [battery_status_manager_ohos.cc:47] start listen
02-17 05:32:20.388  8617  8617 I C04500/chromium: [battery_mgr_client_adapter_impl.cpp:111] start battery listen
02-17 05:32:20.389  8617  8617 I C01719/ffrt: 8:QueueHandler:71 construct sq_ces_queue_3_4 succ, qos[2]
02-17 05:32:20.390  8617  8617 I C04500/chromium: [battery_status_manager_ohos.cc:58] fisrt request battery info
