> hvigor [32mUP-TO-DATE :entry:default@PreBuild...  [39m
> hvigor [32mFinished :entry:default@CreateModuleInfo... after 1 ms [39m
> hvigor [32mUP-TO-DATE :entry:default@GenerateMetadata...  [39m
> hvigor [32mFinished :entry:default@ConfigureCmake... after 3 ms [39m
> hvigor [32mUP-TO-DATE :entry:default@MergeProfile...  [39m
> hvigor [32mUP-TO-DATE :entry:default@CreateBuildProfile...  [39m
> hvigor [32mFinished :entry:default@PreCheckSyscap... after 1 ms [39m
> hvigor [32mFinished :entry:default@GeneratePkgContextInfo... after 3 ms [39m
> hvigor [32mFinished :entry:default@ProcessIntegratedHsp... after 1 ms [39m
> hvigor [32mFinished :entry:default@BuildNativeWithCmake... after 1 ms [39m
> hvigor [32mUP-TO-DATE :entry:default@MakePackInfo...  [39m
> hvigor [32mUP-TO-DATE :entry:default@SyscapTransform...  [39m
> hvigor [32mUP-TO-DATE :entry:default@ProcessProfile...  [39m
> hvigor [32mUP-TO-DATE :entry:default@ProcessRouterMap...  [39m
> hvigor [32mFinished :entry:default@ProcessStartupConfig... after 2 ms [39m
> hvigor [32mFinished :entry:default@BuildNativeWithNinja... after 1 ms [39m
> hvigor [32mUP-TO-DATE :entry:default@ProcessResource...  [39m
> hvigor [32mUP-TO-DATE :entry:default@GenerateLoaderJson...  [39m
> hvigor [32mUP-TO-DATE :entry:default@ProcessLibs...  [39m
> hvigor [32mUP-TO-DATE :entry:default@CompileResource...  [39m
> hvigor [32mUP-TO-DATE :entry:default@DoNativeStrip...  [39m
> hvigor [32m[33mWARN: [33m[33mArkTS:WARN File: /home/francesco/Desktop/ionic_ohos/ionic-openharmony-demo/openharmony/entry/src/main/ets/capacitor/CapacitorBridge.ets:144:5
 Function may throw exceptions. Special handling is required.
[39m[39m
[33mWARN: [33m[33mArkTS:WARN File: /home/francesco/Desktop/ionic_ohos/ionic-openharmony-demo/openharmony/entry/src/main/ets/pages/Index.ets:15:38
 'getContext' has been deprecated.
[39m[39m
[39m
> hvigor [32mFinished :entry:default@CompileArkTS... after 3 s 909 ms [39m
> hvigor [32mFinished :entry:default@BuildJS... after 3 ms [39m
> hvigor [32mUP-TO-DATE :entry:default@CacheNativeLibs...  [39m
> hvigor [32mUP-TO-DATE :entry:default@GeneratePkgModuleJson...  [39m
> hvigor [32mFinished :entry:default@PackageHap... after 305 ms [39m
> hvigor [32mFinished :entry:default@SignHap... after 1 s 445 ms [39m
> hvigor [32mFinished :entry:default@CollectDebugSymbol... after 2 ms [39m
> hvigor [32mFinished :entry:assembleHap... after 1 ms [39m
> hvigor [32mBUILD SUCCESSFUL in 6 s 880 ms [39m
[Info]App install path:/home/francesco/Desktop/ionic_ohos/ionic-openharmony-demo/openharmony/entry/build/default/outputs/default/entry-default-signed.hap msg:install bundle successfully. 
AppMod finish
Log type core,app,only_prerelease buffer clear successfully
start ability successfully.
App running PID: 8617
8884
02-17 05:32:19.944  8617  8805 W C01719/ffrt: 1:TrivalOpenQosCtrlNode:64 pid 8617 belong to user 20010058 open qos node warn, fd:-1, eno:2, No such file or directory
02-17 05:32:19.944  8617  8617 I C01317/AppKit: [main_thread.cpp:1781]SmartGC: process is start. enable warm startup SmartGC: 0
02-17 05:32:19.945  8617  8617 E C02c02/PARAM: [param_manager.c:767]SystemReadParam failed! name is:ark.profile, errNum is:106!
02-17 05:32:19.945  8617  8617 I C03f00/ArkCompiler: [ecmascript] asmint: 1, aot: 0, jit: 1, baseline jit: 0, bundle name: com.example.helloworld
02-17 05:32:19.946  8617  8805 I C01201/EventHandler: ~EventHandler enter 3_18962792699119
02-17 05:32:19.947  8617  8617 I C03f00/ArkCompiler: [ecmascript] multi-thread check enabled: 0
02-17 05:32:19.947  8617  8617 E C02c02/PARAM: [param_manager.c:767]SystemReadParam failed! name is:ark.profile, errNum is:106!
02-17 05:32:19.947  8617  8617 I C03f00/ArkCompiler: [pgo] reset pgo profiler, pgo profiler is disabled
02-17 05:32:19.947  8617  8617 E C02c02/PARAM: [param_manager.c:767]SystemReadParam failed! name is:ark.jit.escape.disable, errNum is:106!
02-17 05:32:19.948  8617  8617 E C02c02/PARAM: [param_manager.c:767]SystemReadParam failed! name is:persist.ark.properties, errNum is:106!
02-17 05:32:19.948  8617  8617 I C03f00/ArkCompiler: [gc] SmartGC: startup GC restrain, phase 1 threshold: local 448MB, shared 355MB; phase 2 threshold: local 112MB, shared 145MB
02-17 05:32:19.948  8617  8617 E C01707/CONCUR: [Interface] task 8617 belong to user 20010058 open qos node failed, errno = 2
02-17 05:32:19.948  8617  8617 I C03301/LIBUV: init:5680
02-17 05:32:19.948  8617  8617 I C03301/LIBUV: init:5680, backend_fd:21
02-17 05:32:19.948  8617  8617 I C03301/LIBUV: open:5680, pipefd[0]:24
02-17 05:32:19.949  8617  8617 I C03f00/ArkCompiler: [ecmascript] can not find aot file
02-17 05:32:19.949  8617  8617 E C01305/Base: [zip_file.cpp(ExtractToBufByName:933)]GetEntry from pkgContextInfo.json err
02-17 05:32:19.949  8617  8617 I C03f00/ArkCompiler: [ecmascript] ModuleSnapshotInterface::Deserialize: /data/storage/system_optimize/ark_startup_cache/ is not exists
02-17 05:32:19.951  8617  8617 I C01e00/GLOBAL_I18N: RegisterIntl: Replace buildin Intl Success.
02-17 05:32:19.952  8617  8617 W C01321/JsRuntime: [connect_server_manager.cpp:163]not Connected
02-17 05:32:19.952  8617  8617 I C03f00/ArkCompiler: [ecmascript] JSNApi::NotifyDebugMode, tid = 8617, debugApp = 1, isDebugMode = 0, instanceId = 0
02-17 05:32:19.955  8617  8810 I C02c03/PARAM_WATCHER: [watcher_manager_kits.cpp:176]Add watcher keyPrefix persist.hdc.jdwp remoteWatcherId 68 success
02-17 05:32:19.955  8617  8810 I C02d13/HDC_LOG: AddWatchHdcdJdwp rc:0
02-17 05:32:19.955  8617  8810 I C02d13/HDC_LOG: connect success cfd:29
02-17 05:32:19.955  8617  8810 I C02d13/HDC_LOG: Send2Jdwp send pid:8617, pp:com.example.helloworld, isDebug:1, msglen:34
02-17 05:32:19.957  8617  8617 I C03f00/ArkCompiler: [compiler] __jit_debug_register_code() is called.
02-17 05:32:19.958  8617  8617 I C03f00/ArkCompiler: [compiler] success to register stub.an to debugger.
02-17 05:32:19.960  8617  8617 E C01201/DeamonIoWaiter: MUST initialized before adding fds
02-17 05:32:19.960  8617  8805 I C01317/AppKit: [dump_runtime_helper.cpp:395]File existed. dir: /data/storage/el2/base/cache/rawheap
02-17 05:32:19.961  8617  8805 I C01317/AppKit: [dump_runtime_helper.cpp:375]success to AclSetAccess, path: /data/storage/el2/base/cache/rawheap
02-17 05:32:19.961  8617  8617 W C01e00/ResourceManager: update userId, currentUserId_= 0, userId= 100
02-17 05:32:19.962  8617  8617 E C01e00/ResourceManager: LoadThemesRes failed, userId = 100, bundleName = com.example.helloworld
02-17 05:32:19.962  8617  8811 W C01653/NativePreferences: LoadFromDisk: The settingXml /***/el1/***/i18*** load failed.
02-17 05:32:19.962  8617  8617 W C03f00/MUSL-LDSO: load absolute_path /system/lib64/liblayered_parameters_manager.z.so: check ns accessible failed namespace=ndk.
02-17 05:32:19.962  8617  8617 W C03f00/MUSL-LDSO: load /system/lib64/liblayered_parameters_manager.z.so failed, namespace=ndk no inherits, errno=2
02-17 05:32:19.962  8617  8617 W C03f00/MUSL-LDSO: load /system/lib64/liblayered_parameters_manager.z.so failed, namespace=default, errno=2
02-17 05:32:19.962  8617  8617 W C03f00/MUSL-LDSO: dlopen_impl load library header failed for /system/lib64/liblayered_parameters_manager.z.so
02-17 05:32:19.962  8617  8617 W C01317/AppKit: [main_thread.cpp:4140]reason Error loading shared library /system/lib64/liblayered_parameters_manager.z.so: No such file or directoryn
02-17 05:32:19.963  8617  8617 W C01301/Ability: [resource_config_helper.cpp:183]invalid source:
02-17 05:32:19.964  8617  8617 W C01301/Ability: [resource_config_helper.cpp:183]invalid source:
02-17 05:32:19.964  8617  8617 I C01317/AppKit: [application_cleaner.cpp:94]ClearTempData
02-17 05:32:19.965  8617  8812 W C01719/ffrt: 2:TrivalOpenQosCtrlNode:64 pid 8617 belong to user 20010058 open qos node warn, fd:-1, eno:2, No such file or directory
02-17 05:32:19.967  8617  8617 E C01317/AppKit: [js_ability_stage.cpp:227]null stage
02-17 05:32:19.967  8617  8617 W C01317/AppKit: [js_ability_stage.cpp:239]Not found AbilityStage.js
02-17 05:32:19.968  8617  8617 I C04201/DMS: [window_display_change_adapter.cpp] WindowDisplayChangeAdapter: sceneBoard is not useable, register this to DM.
02-17 05:32:19.969  8617  8617 I C01332/UIAbility: [js_ui_ability.cpp:350]called
02-17 05:32:19.969  8617  8617 I C03f00/ArkCompiler: [ecmascript] start to execute module buffer with secure memory: /data/storage/el1/bundle/entry/ets/entryability/EntryAbility.abc
02-17 05:32:19.969  8617  8808 W C03f00/ArkCompiler: [ecmascript] set label failed! level: s1, file: /data/storage/ark-profile/rt_entry.ap
02-17 05:32:19.969  8617  8808 I C03f00/ArkCompiler: [pgo] will save profiler to file /data/storage/ark-profile/rt_entry.ap
02-17 05:32:19.969  8617  8617 E C03f00/ArkCompiler: [TID 0021a9] E/pandafile: Can not open xpm proc file, do not check secure memory anymore.
02-17 05:32:19.969  8617  8617 E C03f00/ArkCompiler: [common] Can not open xpm proc file, do not check secure memory anymore.
02-17 05:32:19.970  8617  8617 E C01707/CONCUR: [Interface] task 8617 belong to user 20010058 open qos node failed, errno = 2
02-17 05:32:19.970  8617  8617 E C01707/CONCUR: [Interface] task 8617 belong to user 20010058 open qos node failed, errno = 2
02-17 05:32:19.970  8617  8617 E C01707/CONCUR: [Interface] task 8617 belong to user 20010058 open qos node failed, errno = 2
02-17 05:32:19.970  8617  8617 E C01707/CONCUR: [Interface] task 8617 belong to user 20010058 open qos node failed, errno = 2
02-17 05:32:19.970  8617  8617 E C01707/CONCUR: [Interface] task 8617 belong to user 20010058 open qos node failed, errno = 2
02-17 05:32:19.970  8617  8617 E C01707/CONCUR: [Interface] task 8617 belong to user 20010058 open qos node failed, errno = 2
02-17 05:32:19.972  8617  8617 I C01320/JsEnv: [js_environment.cpp:292]timing: 3
02-17 05:32:19.972  8617  8617 I C01320/JSENV: Callee constructor is OK string
02-17 05:32:19.972  8617  8617 I C01320/JSENV: Ability::constructor callee is object [object Object]
02-17 05:32:19.975  8617  8617 I C01332/UIAbility: [js_ui_ability.cpp:395]End
02-17 05:32:19.975  8617  8617 I C01332/UIAbility: [ui_ability_thread.cpp:169]Lifecycle:Attach
02-17 05:32:19.977  8617  8617 I C01317/AppKit: [main_thread.cpp:2749]called
02-17 05:32:19.977  8617  8617 I C03f00/ArkCompiler: [gc] app is not inBackground
02-17 05:32:19.977  8617  8617 E C01707/CONCUR: [Interface] task 8617 belong to user 20010058 open qos node failed, errno = 2
02-17 05:32:19.977  8617  8617 E C01707/CONCUR: [Interface] task 8617 belong to user 20010058 open qos node failed, errno = 2
02-17 05:32:19.977  8617  8617 E C01707/CONCUR: [Interface] task 8617 belong to user 20010058 open qos node failed, errno = 2
02-17 05:32:19.979  8617  8802 I C01332/UIAbility: [ui_ability_thread.cpp:317]name:EntryAbility,targeState:5,isNewWant:0
02-17 05:32:19.979  8617  8617 I C01332/UIAbility: [ui_ability_thread.cpp:236]Lifecycle:name EntryAbility
02-17 05:32:19.980  8617  8617 I C04201/DMS: [display_manager.cpp] AddDisplayIdFromAms: abilityToken and display[0] has been added.
02-17 05:32:19.981  8617  8617 I C01332/UIAbility: [js_ui_ability.cpp:1851]JsUIAbility call js, name: onCreate
02-17 05:32:19.983  8617  8617 I C01317/AppKit: [ohos_application.cpp:986]current 2, pre 0
02-17 05:32:19.983  8617  8617 W C01317/AppKit: [ohos_application.cpp:1015]fontSize empty
02-17 05:32:19.983  8617  8617 I C01317/AppKit: [ohos_application.cpp:1043]current 2, pre 0
02-17 05:32:19.983  8617  8617 W C01317/AppKit: [ohos_application.cpp:1047]language empty
02-17 05:32:19.983  8617  8617 W C01317/AppKit: [ohos_application.cpp:1066]language and locale empty
02-17 05:32:19.983  8617  8617 I C01317/AppKit: [ohos_application.cpp:267]configuration_: {"0#const.build.characteristics":"default","0#input.pointer.device":"false","0#ohos.app.fontSizeScale":"nonFollowSystem","0#ohos.application.densitydpi":"xxldpi","0#ohos.application.direction":"vertical","0#ohos.application.displayid":"0","0#ohos.system.colorMode":"light","0#ohos.system.colorMode.isSetByApp":"isSetByApp","0#ohos.system.fontSizeScale":"1.0","0#ohos.system.fontWeightScale":"1.0","0#ohos.system.hour":"false","0#ohos.system.language":"en-Latn-DE","0#ohos.system.locale":"en-Latn-DE"}, config: {"0#ohos.system.colorMode":"light","0#ohos.system.colorMode.isSetByApp":"isSetByApp"}
02-17 05:32:19.984  8617  8617 I C01332/UIAbility: [js_ui_ability.cpp:1851]JsUIAbility call js, name: onConfigurationUpdated
02-17 05:32:19.984  8617  8617 I C01332/UIAbility: [js_ui_ability.cpp:1896]end, name: onConfigurationUpdated, time: 0
02-17 05:32:19.984  8617  8617 I C01332/UIAbility: [js_ui_ability.cpp:1851]JsUIAbility call js, name: onConfigurationUpdate
02-17 05:32:19.984  8617  8617 I C01332/UIAbility: [js_ui_ability.cpp:1896]end, name: onConfigurationUpdate, time: 0
02-17 05:32:19.984  8617  8617 W C01317/AppKit: [js_ability_stage.cpp:806]Not found AbilityStage.js
02-17 05:32:19.985  8617  8617 W C01317/AppKit: [js_ability_stage.cpp:806]Not found AbilityStage.js
02-17 05:32:19.985  8617  8617 I C01317/AppKit: [ohos_application.cpp:291]ignoreWindowContext size 0
02-17 05:32:19.985  8617  8617 I A00000/testTag: Ability onCreate
02-17 05:32:19.985  8617  8617 I C01332/UIAbility: [js_ui_ability.cpp:1896]end, name: onCreate, time: 4
02-17 05:32:19.985  8617  8617 E C01332/UIAbility: [ui_ability_impl.cpp:305]hasSaveData_: false
02-17 05:32:19.985  8617  8617 W C01332/UIAbility: [js_ui_ability.cpp:1087]formatRegex: []
02-17 05:32:19.985  8617  8617 I C04202/WMSMain: [window_scene.cpp] Init: WindowScene init with normal option!
02-17 05:32:19.985  8617  8617 I C04204/WMSScb: [rs_adapter.cpp]: RS multi-instance enabled: 0
02-17 05:32:19.990  8617  8617 I C01406/OHOS::RS: RSLogManager init log flag: 0x0(0)
02-17 05:32:19.990  8617  8617 I C01406/OHOS::RS: RSFrameRateLinker::Create id: 37009733189632
02-17 05:32:19.990  8617  8617 I C04202/WMSMain: [vsync_station.cpp] VsyncStation: id 37009733189633 created
02-17 05:32:19.990  8617  8617 E C01201/DeamonIoWaiter: MUST initialized before adding fds
02-17 05:32:19.993  8617  8617 I C02800/InputManagerImpl: [][SetWindowInputEventConsumer:361] enter
02-17 05:32:19.993  8617  8617 I C02800/MMIClient: [][Start:88] enter
02-17 05:32:19.994  8617  8617 I C02800/MMIClient: [][OnConnected:268] Connection to server succeeded, fd:34
02-17 05:32:19.994  8617  8617 I C02800/MMIClient: [][AddFdListener:167] Server was listening
02-17 05:32:19.994  8617  8617 I C02800/MMIClient: [][StartEventRunner:118] USE_ISOLATE_DISPATCH_THREAD:0, eventHandler_:0
02-17 05:32:19.994  8617  8617 I C02800/MMIClient: [][StartEventRunner:127] Current event handler, thread name:OS_mmi_EventHdr
02-17 05:32:19.994  8617  8617 I C02800/MMIClient: [][StartEventRunner:130] File fd is in listening
02-17 05:32:19.994  8617  8617 I C02800/MMIClient: [][Start] leave
02-17 05:32:19.994  8617  8617 I C02800/InputManagerImpl: [][SetWindowInputEventConsumer] leave
02-17 05:32:19.994  8617  8617 I C0420c/WMSEvent: [input_transfer_station.cpp] AddInputWindow: SetWindowInputEventConsumer success, wid:34
02-17 05:32:19.994  8617  8617 I C0420c/WMSEvent: [input_transfer_station.cpp] LoadGameController: in
02-17 05:32:19.995  8617  8617 W C03f00/MUSL-LDSO: load absolute_path /system/lib64/libgamecontroller_event.z.so: check ns accessible failed namespace=ndk.
02-17 05:32:19.995  8617  8617 W C03f00/MUSL-LDSO: load /system/lib64/libgamecontroller_event.z.so failed, namespace=ndk no inherits, errno=2
02-17 05:32:19.995  8617  8617 W C03f00/MUSL-LDSO: load /system/lib64/libgamecontroller_event.z.so failed, namespace=default, errno=2
02-17 05:32:19.995  8617  8617 W C03f00/MUSL-LDSO: dlopen_impl load library header failed for /system/lib64/libgamecontroller_event.z.so
02-17 05:32:19.995  8617  8617 W C0420c/WMSEvent: [input_transfer_station.cpp] LoadGameController: dlopen Error loading shared library /system/lib64/libgamecontroller_event.z.so: No such file or directory failed
02-17 05:32:19.995  8617  8617 I C04217/WMSAttribute: [window_inspector.cpp] ConnectServer: start connect
02-17 05:32:19.995  8617  8617 W C03f00/MUSL-LDSO: Error loading header libark_connect_inspector.z.so: failed to map header
02-17 05:32:19.995  8617  8617 W C03f00/MUSL-LDSO: dlopen_impl load library header failed for libark_connect_inspector.z.so
02-17 05:32:19.995  8617  8617 W C04217/WMSAttribute: [window_inspector.cpp] ConnectServer: noload fail: libark_connect_inspector.z.so
02-17 05:32:19.995  8617  8617 I C04217/WMSAttribute: [window_inspector.cpp] ConnectServer: end connect
02-17 05:32:19.995  8617  8617 W C04217/WMSAttribute: [window_inspector.cpp] RegisterGetWMSWindowListCallback: callback has registered
02-17 05:32:19.995  8617  8617 I C04217/WMSAttribute: [window_inspector.cpp] RegisterGetWMSWindowListCallback: winId: 34
02-17 05:32:19.995  8617  8617 E C04200/WMS: [singleton_container.cpp] GetSingleton: cant get OHOS::Rosen::WindowInfoReporter
02-17 05:32:19.996  8617  8821 I C02800/MMIClient: [][SetScheduler:107] enter
02-17 05:32:19.996  8617  8821 E C01707/CONCUR: [Interface] task 8617 belong to user 20010058 open qos node failed, errno = 2
02-17 05:32:19.996  8617  8821 I C02800/MMIClient: [][SetScheduler] leave
02-17 05:32:19.996  8617  8617 I C01332/UIAbility: [js_ui_ability.cpp:1851]JsUIAbility call js, name: onWindowStageCreate
02-17 05:32:19.996  8617  8617 I A00000/testTag: Ability onWindowStageCreate
02-17 05:32:19.996  8617  8617 I C04200/JsWindowStage: (110)LoadContent: [NAPI]
02-17 05:32:19.996  8617  8617 I C01332/UIAbility: [js_ui_ability.cpp:1896]end, name: onWindowStageCreate, time: 0
02-17 05:32:19.996  8617  8617 I C01332/UIAbility: [js_ui_ability.cpp:1851]JsUIAbility call js, name: onWillForeground
02-17 05:32:19.996  8617  8617 I C01332/UIAbility: [js_ui_ability.cpp:1896]end, name: onWillForeground, time: 0
02-17 05:32:19.996  8617  8617 I C04202/WMSMain: [window_scene.cpp] GoForeground: reason: 4
02-17 05:32:20.000  8617  8617 I C01332/UIAbility: [ui_ability_impl.cpp:430]wnd call, AfterForeground
02-17 05:32:20.000  8617  8617 I C0420a/WMSLife: [window_impl.cpp] NotifyAfterDidForeground: reason: 4
02-17 05:32:20.001  8617  8617 I C01332/UIAbility: [js_ui_ability.cpp:1851]JsUIAbility call js, name: onForeground
02-17 05:32:20.001  8617  8617 I A00000/testTag: Ability onForeground
02-17 05:32:20.001  8617  8617 I C01332/UIAbility: [js_ui_ability.cpp:1896]end, name: onForeground, time: 0
02-17 05:32:20.002  8617  8617 I C0420a/WMSLife: [window_impl.cpp]: NotifyAfterDidForeground execute
02-17 05:32:20.002  8617  8617 I C01332/UIAbility: [js_ui_ability.cpp:1851]JsUIAbility call js, name: onDidForeground
02-17 05:32:20.002  8617  8617 I C01332/UIAbility: [js_ui_ability.cpp:1896]end, name: onDidForeground, time: 0
02-17 05:32:20.002  8617  8617 I C04202/WMSMain: [window_scene.cpp] GoResume: in
02-17 05:32:20.002  8617  8617 I C03900/Ace: [ui_content_impl.cpp(402)-(-1:-1:undefined)] CreateUIContent.
02-17 05:32:20.002  8617  8617 I C03934/AceUIEvent: [ui_event_impl.cpp(155)-(-1:-1:undefined)] report ace loaded
02-17 05:32:20.003  8617  8617 W C03f00/MUSL-LDSO: load libha_ace_engine.z.so failed, namespace=ndk no inherits, errno=2
02-17 05:32:20.003  8617  8617 W C03f00/MUSL-LDSO: load libha_ace_engine.z.so failed, namespace=default, errno=2
02-17 05:32:20.003  8617  8617 W C03f00/MUSL-LDSO: dlopen_impl load library header failed for libha_ace_engine.z.so
02-17 05:32:20.003  8617  8617 I C03934/AceUIEvent: [ui_event_impl.cpp(159)-(-1:-1:undefined)] Failed to open shared library libha_ace_engine.z.so, reason: Error loading shared library libha_ace_engine.z.so: No such file or directoryn
02-17 05:32:20.003  8617  8617 W C0391f/AceImage: [image_file_cache.cpp(75)-(-2:-1:undefined)] mkdir cache file path failed.
02-17 05:32:20.003  8617  8617 I C03900/Ace: [background_task_executor.cpp(56)-(-2:-1:undefined)] Create ace bg threads pool.
02-17 05:32:20.003  8617  8617 I C03900/Ace: [ace_new_pipe_judgement.cpp(106)-(-2:-1:undefined)] Init RenderService UniRender Type:0
02-17 05:32:20.003  8617  8617 I C03900/Ace: [ui_content_impl.cpp(2202)-(-2:-1:undefined)] [com.example.helloworld][entry][-1]: UIContent: apiCompatibleVersion: 20, apiTargetVersion: 20, and apiReleaseType: Beta1, useNewPipe: 1
02-17 05:32:20.003  8617  8617 E C02c02/PARAM: [param_manager.c:767]SystemReadParam failed! name is:persist.sys.arkui.animationscale, errNum is:106!
02-17 05:32:20.005  8617  8824 I C03900/Ace: [ressched_report.cpp(37)-(-1:-1:undefined)] dlsym function ReportData success.
02-17 05:32:20.005  8617  8824 I C03900/Ace: [ressched_report.cpp(51)-(-1:-1:undefined)] dlsym function ReportSyncEvent success.
02-17 05:32:20.005  8617  8617 I C02c03/PARAM_WATCHER: [watcher_manager_kits.cpp:176]Add watcher keyPrefix persist.sys.arkui.animationscale remoteWatcherId 68 success
02-17 05:32:20.005  8617  8617 E C03900/Ace: [config_xml_parser_base.cpp(69)-(-2:-1:undefined)] ConfigXMLParserBase read system file failed
02-17 05:32:20.005  8617  8617 W C03900/Ace: [feature_param_manager.cpp(50)-(-2:-1:undefined)] ArkUiFeatureParamManager failed to load xml file
02-17 05:32:20.006  8617  8617 I C03900/Ace: [localization.cpp(222)-(-2:-1:undefined)] SetLocale language tag: en-Latn-DE, select language: en-US
02-17 05:32:20.006  8617  8617 I C03900/Ace: [ui_content_impl.cpp(2246)-(-2:-1:undefined)] [com.example.helloworld][entry][-1]: SetLanguage: en, colorMode: light, deviceAccess: 0
02-17 05:32:20.006  8617  8617 I C03900/Ace: [ui_content_impl.cpp(2274)-(-2:-1:undefined)] [com.example.helloworld][entry][-1]: Initialize UIContent isModelJson:true
02-17 05:32:20.007  8617  8617 I C03900/Ace: [ace_container.cpp(2165)-(100000:100000:scope)] SetHapPath, Use hap path to load resource
02-17 05:32:20.008  8617  8617 I C03900/Ace: [rosen_window.cpp(96)-(100000:100000:scope)] SetRSSurfaceNode 37009733189633
02-17 05:32:20.008  8617  8617 I C01400/OHOS::RS: RsFrameReport:[Init] LoadLibrary
02-17 05:32:20.009  8617  8617 I C01706/rtg_interface: rtg fOpen fail, errno = 2(No such file or directory)
02-17 05:32:20.009  8617  8617 I C01400/OHOS::RS: RsFrameReport:[LoadLibrary] load library success!
02-17 05:32:20.009  8617  8617 I C01400/OHOS::RS: RsFrameReport:[Init] dlopen libframe_ui_intf.so success!
02-17 05:32:20.009  8617  8617 E C01706/ueaClient-RmeCoreSched: [Init]: do not enabled!ret: -1
02-17 05:32:20.009  8617  8617 I C01706/ueaClient-FrameMsgMgr: [Init]:inited success!
02-17 05:32:20.009  8617  8617 I C01706/ueaClient-FrameUiIntf: [Init]:ret:1, inited:1
02-17 05:32:20.009  8617  8617 I C01400/OHOS::RS: RsFrameReport:[Init] Init success
02-17 05:32:20.009  8617  8617 I C01400/OHOS::RS: RsFrameReport init
02-17 05:32:20.009  8617  8617 E C01406/OHOS::RS: RSRenderNodeDrawableAdapter::OnGenerate, node type 1 is not supported
02-17 05:32:20.009  8617  8617 E C01406/OHOS::RS: RSRenderNode::InitRenderParams failed
02-17 05:32:20.010  8617  8617 I C02c03/PARAM_WATCHER: [watcher_manager_kits.cpp:176]Add watcher keyPrefix persist.sys.graphic.animationscale remoteWatcherId 68 success
02-17 05:32:20.012  8617  8617 I C01406/OHOS::RS: RSSurfaceNode::SetAbilityState, surfaceNodeId:[37009733189633], ability state: foreground
02-17 05:32:20.013  8617  8831 I C01400/DISP: [ohos_open_device@platform_ohos.c:1198] vendor_name (null)
02-17 05:32:20.013  8617  8831 W C03f00/MUSL-LDSO: load absolute_path /vendor/lib64/chipsetsdk/tls/msm_dri.so: check ns accessible failed namespace=ndk.
02-17 05:32:20.013  8617  8831 W C03f00/MUSL-LDSO: load /vendor/lib64/chipsetsdk/tls/msm_dri.so failed, namespace=ndk no inherits, errno=2
02-17 05:32:20.013  8617  8831 W C03f00/MUSL-LDSO: load /vendor/lib64/chipsetsdk/tls/msm_dri.so failed, namespace=default, errno=2
02-17 05:32:20.013  8617  8831 W C03f00/MUSL-LDSO: dlopen_impl load library header failed for /vendor/lib64/chipsetsdk/tls/msm_dri.so
02-17 05:32:20.014  8617  8617 I C03900/Ace: [jsi_view_register_impl.cpp(1028)-(100000:100000:scope)] CleanUpIdleTask is a valid function
02-17 05:32:20.014  8617  8617 W C03900/Ace: [ace_res_key_parser.cpp(120)-(100000:100000:scope)] Invalid config:en_Latn_DE-long-notround-vertical-light-phone-xxhdpi
02-17 05:32:20.015  8617  8617 I C01406/OHOS::RS: RSSurfaceNode::SetAbilityState, surfaceNodeId:[37009733189633], ability state: background
02-17 05:32:20.015  8617  8617 I C03900/Ace: [ace_container.cpp(2572)-(100000:100000:scope)] set translateManager to pipeline, instanceId:100000
02-17 05:32:20.015  8617  8617 E C03922/AceNavigation: [ace_container.cpp(4836)-(100000:100000:scope)] Failed to register Orientation change listener
02-17 05:32:20.015  8617  8617 I C03900/Ace: [ui_task_scheduler.cpp(447)-(100000:100000:scope)] AddPersistAfterLayoutTask size: 1
02-17 05:32:20.015  8617  8617 I C03919/AceInputTracking: [ace_container.cpp(1201)-(100000:100000:scope)] Debug touch pass mode 0
02-17 05:32:20.015  8617  8617 I C03937/AceResource: [resource_adapter_impl_v2.cpp(162)-(100000:100000:scope)] ResourceAdapter UpdateResConfig with colorMode light
02-17 05:32:20.015  8617  8617 W C03900/Ace: [ace_container.cpp(187)-(100000:100000:scope)] not found systemTheme in HapModuleInfo, loading default OHOS_THEME
02-17 05:32:20.015  8617  8617 I C03900/Ace: [hap_asset_provider_impl.cpp(139)-(100000:100000:scope)] Cannot Get File List from resources/styles/
02-17 05:32:20.015  8617  8831 I C01400/DISP: [ohos_logger@loader.c:110] 
02-17 05:32:20.015  8617  8617 W C03900/Ace: [asset_manager_impl.cpp(65)-(100000:100000:scope)] GetAsset failed: resources/styles/default.json
02-17 05:32:20.015  8617  8831 I C01400/DISP: [ohos_logger@loader.c:110] 
02-17 05:32:20.016  8617  8831 I C01400/DISP: [ohos_logger@loader.c:110] 
02-17 05:32:20.016  8617  8831 I C01400/DISP: [ohos_logger@loader.c:110] 
02-17 05:32:20.027  8617  8617 I C03900/Ace: [root_pattern.h(63)-(100000:100000:scope)] root node OnAttachToFrameNode, id:0
02-17 05:32:20.027  8617  8617 I C03900/Ace: [rosen_window.cpp(301)-(100000:100000:scope)] Rosenwindow set root, rsId:37009733189635
02-17 05:32:20.028  8617  8617 I C03952/AceAppBar: [container_modal_view.cpp(97)-(100000:100000:scope)] ContainerModalView BuildTitle called
02-17 05:32:20.028  8617  8831 I C01400/DISP: [ohos_open_device@platform_ohos.c:1226] 
02-17 05:32:20.029  8617  8617 E C01707/CONCUR: [Interface] task 8617 belong to user 20010058 open qos node failed, errno = 2
02-17 05:32:20.029  8617  8617 E C01707/CONCUR: [Interface] task 8617 belong to user 20010058 open qos node failed, errno = 2
02-17 05:32:20.029  8617  8617 E C01707/CONCUR: [Interface] task 8617 belong to user 20010058 open qos node failed, errno = 2
02-17 05:32:20.029  8617  8617 E C01707/CONCUR: [Interface] task 8617 belong to user 20010058 open qos node failed, errno = 2
02-17 05:32:20.029  8617  8617 E C01707/CONCUR: [Interface] task 8617 belong to user 20010058 open qos node failed, errno = 2
02-17 05:32:20.029  8617  8617 E C01707/CONCUR: [Interface] task 8617 belong to user 20010058 open qos node failed, errno = 2
02-17 05:32:20.029  8617  8617 E C01707/CONCUR: [Interface] task 8617 belong to user 20010058 open qos node failed, errno = 2
02-17 05:32:20.029  8617  8617 E C01707/CONCUR: [Interface] task 8617 belong to user 20010058 open qos node failed, errno = 2
02-17 05:32:20.029  8617  8617 E C01707/CONCUR: [Interface] task 8617 belong to user 20010058 open qos node failed, errno = 2
02-17 05:32:20.030  8617  8617 E C01707/CONCUR: [Interface] task 8617 belong to user 20010058 open qos node failed, errno = 2
02-17 05:32:20.030  8617  8617 E C01707/CONCUR: [Interface] task 8617 belong to user 20010058 open qos node failed, errno = 2
02-17 05:32:20.030  8617  8617 E C01707/CONCUR: [Interface] task 8617 belong to user 20010058 open qos node failed, errno = 2
02-17 05:32:20.042  8617  8831 I C02c03/PARAM_WATCHER: [watcher_manager_kits.cpp:176]Add watcher keyPrefix debug.graphic.frame remoteWatcherId 68 success
02-17 05:32:20.042  8617  8831 I C01406/OHOS::RS: debug.graphic.overdraw disable
02-17 05:32:20.042  8617  8617 E A03d00/JSAPP: Ace SegmentButton getAccessibilityDescription, error: TypeError: Cannot read property resourceManager of undefined
02-17 05:32:20.043  8617  8617 E A03d00/JSAPP: Ace SegmentButton getAccessibilityDescription, error: TypeError: Cannot read property resourceManager of undefined
02-17 05:32:20.043  8617  8617 E A03d00/JSAPP: Ace SegmentButton getAccessibilityDescription, error: TypeError: Cannot read property resourceManager of undefined
02-17 05:32:20.043  8617  8831 I C02c03/PARAM_WATCHER: [watcher_manager_kits.cpp:176]Add watcher keyPrefix debug.graphic.overdraw remoteWatcherId 68 success
02-17 05:32:20.043  8617  8617 I C03952/AceAppBar: [container_modal_view.cpp(97)-(100000:100000:scope)] ContainerModalView BuildTitle called
02-17 05:32:20.043  8617  8831 I C02c03/PARAM_WATCHER: [watcher_manager_kits.cpp:176]Add watcher keyPrefix debug.graphic.colors_overdraw remoteWatcherId 68 success
02-17 05:32:20.044  8617  8617 W C03926/AceTheme: [theme_style.h(136)-(100000:100000:scope)] style container_modal_pattern not contains icon_primary!
02-17 05:32:20.044  8617  8617 W C03926/AceTheme: [theme_style.h(136)-(100000:100000:scope)] style container_modal_pattern not contains icon_on_primary!
02-17 05:32:20.044  8617  8617 W C03926/AceTheme: [theme_style.h(136)-(100000:100000:scope)] style container_modal_pattern not contains interactive_hover!
02-17 05:32:20.044  8617  8617 W C03926/AceTheme: [theme_style.h(136)-(100000:100000:scope)] style container_modal_pattern not contains interactive_click!
02-17 05:32:20.044  8617  8617 W C03926/AceTheme: [theme_style.h(136)-(100000:100000:scope)] style container_modal_pattern not contains warning!
02-17 05:32:20.044  8617  8617 W C03926/AceTheme: [theme_style.h(136)-(100000:100000:scope)] style container_modal_pattern not contains window_left_screen!
02-17 05:32:20.044  8617  8617 W C03926/AceTheme: [theme_style.h(136)-(100000:100000:scope)] style container_modal_pattern not contains window_right_screen!
02-17 05:32:20.044  8617  8831 E C01707/CONCUR: [Interface] task 8617 belong to user 20010058 open qos node failed, errno = 2
02-17 05:32:20.044  8617  8831 I C01406/OHOS::RS: RSRenderThread: SetThreadQos retcode = -1
02-17 05:32:20.044  8617  8617 E C01707/CONCUR: [Interface] task 8617 belong to user 20010058 open qos node failed, errno = 2
02-17 05:32:20.044  8617  8617 E C01707/CONCUR: [Interface] task 8617 belong to user 20010058 open qos node failed, errno = 2
02-17 05:32:20.044  8617  8617 E C01707/CONCUR: [Interface] task 8617 belong to user 20010058 open qos node failed, errno = 2
02-17 05:32:20.044  8617  8617 E C01707/CONCUR: [Interface] task 8617 belong to user 20010058 open qos node failed, errno = 2
02-17 05:32:20.044  8617  8617 E C01707/CONCUR: [Interface] task 8617 belong to user 20010058 open qos node failed, errno = 2
02-17 05:32:20.044  8617  8617 E C01707/CONCUR: [Interface] task 8617 belong to user 20010058 open qos node failed, errno = 2
02-17 05:32:20.044  8617  8617 E C01707/CONCUR: [Interface] task 8617 belong to user 20010058 open qos node failed, errno = 2
02-17 05:32:20.044  8617  8617 E C01707/CONCUR: [Interface] task 8617 belong to user 20010058 open qos node failed, errno = 2
02-17 05:32:20.044  8617  8617 E C01707/CONCUR: [Interface] task 8617 belong to user 20010058 open qos node failed, errno = 2
02-17 05:32:20.044  8617  8617 E C01707/CONCUR: [Interface] task 8617 belong to user 20010058 open qos node failed, errno = 2
02-17 05:32:20.044  8617  8617 E C01707/CONCUR: [Interface] task 8617 belong to user 20010058 open qos node failed, errno = 2
02-17 05:32:20.044  8617  8617 E C01707/CONCUR: [Interface] task 8617 belong to user 20010058 open qos node failed, errno = 2
02-17 05:32:20.047  8617  8617 E A03d00/JSAPP: Ace SegmentButton getAccessibilityDescription, error: TypeError: Cannot read property resourceManager of undefined
02-17 05:32:20.047  8617  8617 E A03d00/JSAPP: Ace SegmentButton getAccessibilityDescription, error: TypeError: Cannot read property resourceManager of undefined
02-17 05:32:20.047  8617  8617 E A03d00/JSAPP: Ace SegmentButton getAccessibilityDescription, error: TypeError: Cannot read property resourceManager of undefined
02-17 05:32:20.073  8617  8617 E C02b61/PixelMap: name size not compare
02-17 05:32:20.092  8617  8617 E C02b61/PixelMap: name size not compare
02-17 05:32:20.093  8617  8617 E C02b61/PixelMap: name size not compare
02-17 05:32:20.115  8617  8617 I C03952/AceAppBar: [container_modal_pattern.cpp(470)-(100000:100000:scope)] SetAppIcon successfully
02-17 05:32:20.116  8617  8617 I C03952/AceAppBar: [container_modal_pattern.cpp(452)-(100000:100000:scope)] SetAppTitle successfully
02-17 05:32:20.117  8617  8617 I C02220/IntentionClient: in Connect, enter
02-17 05:32:20.117  8617  8617 I C02220/IntentionClient: in Connect, Connecting IntentionService success
02-17 05:32:20.117  8617  8617 I C02220/IntentionClient: in Connect, leave
02-17 05:32:20.118  8617  8617 E C01d02/accessibility_asacfwk: [accessibility_system_ability_client_impl.cpp(AccessibilitySystemAbilityClientImpl:57)]accessibility service is ready
02-17 05:32:20.121  8617  8617 I C02c03/PARAM_WATCHER: [watcher_manager_kits.cpp:176]Add watcher keyPrefix accessibility.config.ready remoteWatcherId 68 success
02-17 05:32:20.121  8617  8617 I C03900/Ace: [ui_content_impl.cpp(2627)-(100000:100000:scope)] focusWindowId: 0, realHostWindowId: 0
02-17 05:32:20.121  8617  8617 I C03900/Ace: [ui_content_impl.cpp(2880)-(100000:100000:scope)] [com.example.helloworld][entry][100000]: window focus
02-17 05:32:20.121  8617  8617 E C03900/Ace: [container.cpp(297)-(100000:100000:scope)] ERROR EACCES
02-17 05:32:20.121  8617  8617 E C03900/Ace: [container.cpp(297)-(100000:100000:scope)] ERROR EACCES
02-17 05:32:20.121  8617  8617 I C03900/Ace: [ui_content_impl.cpp(2679)-(100000:100000:scope)] ArkUIInvisibleFreeze: 0
02-17 05:32:20.121  8617  8617 I C03900/Ace: [ui_content_impl.cpp(2685)-(100000:100000:scope)] [com.example.helloworld][entry][100000]: SetMinPlatformVersion is 20
02-17 05:32:20.122  8617  8617 I C04200/WindowImpl: (429)GetAvoidAreaByType Search Type: 0
02-17 05:32:20.122  8617  8617 I C04200/WindowImpl: (429)GetAvoidAreaByType Search Type: 1
02-17 05:32:20.123  8617  8617 I C04200/WindowImpl: (429)GetAvoidAreaByType Search Type: 4
02-17 05:32:20.123  8617  8617 I C03917/AceSafeArea: [ui_content_impl.cpp(2777)-(100000:100000:scope)] InitializeSafeArea systemInsets:SafeAreaInsets left_: [start: 0, end: 0], top_: [start: 0, end: 108], right_: [start: 0, end: 0], bottom_: [start: 2232, end: 2340], cutoutInsets:SafeAreaInsets left_: [start: 0, end: 0], top_: [start: 0, end: 0], right_: [start: 0, end: 0], bottom_: [start: 0, end: 0], navInsets:SafeAreaInsets left_: [start: 0, end: 0], top_: [start: 0, end: 0], right_: [start: 0, end: 0], bottom_: [start: 0, end: 0]
02-17 05:32:20.124  8617  8617 E C0394e/AceWindow: [ui_content_impl.cpp(2811)-(100000:100000:scope)] Display failed to get availableArea, displayId: 0
02-17 05:32:20.124  8617  8617 W C03f00/MUSL-LDSO: load absolute_path /system/lib64/libthp_extra_innerapi.z.so: check ns accessible failed namespace=ndk.
02-17 05:32:20.124  8617  8617 W C03f00/MUSL-LDSO: load /system/lib64/libthp_extra_innerapi.z.so failed, namespace=ndk no inherits, errno=2
02-17 05:32:20.124  8617  8617 W C03f00/MUSL-LDSO: load /system/lib64/libthp_extra_innerapi.z.so failed, namespace=default, errno=2
02-17 05:32:20.124  8617  8617 W C03f00/MUSL-LDSO: dlopen_impl load library header failed for /system/lib64/libthp_extra_innerapi.z.so
02-17 05:32:20.124  8617  8617 I C03900/Ace: [thp_extra_manager_impl.cpp(34)-(100000:100000:scope)] Failed to open libthp_extra_innerapi.z.so, reason: Error loading shared library /system/lib64/libthp_extra_innerapi.z.so: No such file or directory
02-17 05:32:20.125  8617  8617 I C03900/Ace: [ui_content_impl.cpp(1156)-(-2:100000:singleton)] [com.example.helloworld][entry][100000]: Initialize: pages/Index
02-17 05:32:20.125  8617  8617 I C03900/Ace: [frontend_delegate_declarative.cpp(170)-(100000:100000:scope)] RunPage:pages/Index
02-17 05:32:20.125  8617  8617 W C03900/Ace: [asset_manager_impl.cpp(65)-(100000:100000:scope)] GetAsset failed: manifest.json
02-17 05:32:20.125  8617  8829 I C03951/InputKeyFlow: [event_pass_through_subscriber.cpp(28)-(-1:100000:singleton)] Subscribe touch.events.pass.through Event
02-17 05:32:20.125  8617  8617 I C03900/Ace: [ui_content_impl.cpp(4043)-(-2:100000:singleton)] [com.example.helloworld][entry][100000]: UpdateWindowMode: 1, hasDecor: 1
02-17 05:32:20.125  8617  8617 I C03900/Ace: [ui_content_impl.cpp(4089)-(-2:100000:singleton)] [com.example.helloworld][entry][100000]: UpdateWindowVisible: 0, hasDecor: 1
02-17 05:32:20.125  8617  8617 I C03952/AceAppBar: [container_modal_pattern.cpp(66)-(100000:100000:scope)] ShowTitle isShow: 0, windowMode: 1, hasDeco: 1
02-17 05:32:20.125  8617  8829 I C01719/ffrt: 3:QueueMonitor:37 QueueMonitor ctor enter
02-17 05:32:20.125  8617  8829 I C01719/ffrt: 4:QueueMonitor:45 QueueMonitor ctor leave, watchdog timeout of 30000000 us has been set
02-17 05:32:20.125  8617  8829 I C01719/ffrt: 5:QueueHandler:71 construct sq_cesResubMain_1 succ, qos[2]
02-17 05:32:20.126  8617  8827 I C02c03/PARAM_WATCHER: [watcher_manager_kits.cpp:176]Add watcher keyPrefix persist.ace.trace.layout.enabled remoteWatcherId 68 success
02-17 05:32:20.127  8617  8827 I C02c03/PARAM_WATCHER: [watcher_manager_kits.cpp:176]Add watcher keyPrefix persist.ace.trace.inputevent.enabled remoteWatcherId 68 success
02-17 05:32:20.127  8617  8617 I C03900/Ace: [ui_content_impl.cpp(4051)-(-2:100000:singleton)] [com.example.helloworld][entry][100000]: NotifyWindowMode mode = 1
02-17 05:32:20.128  8617  8827 I C02c03/PARAM_WATCHER: [watcher_manager_kits.cpp:176]Add watcher keyPrefix const.security.developermode.state remoteWatcherId 68 success
02-17 05:32:20.128  8617  8827 I C02c03/PARAM_WATCHER: [watcher_manager_kits.cpp:176]Add watcher keyPrefix persist.ace.debug.statemgr.enabled remoteWatcherId 68 success
02-17 05:32:20.129  8617  8617 I C03900/Ace: [ui_content_impl.cpp(2823)-(-2:100000:singleton)] [com.example.helloworld][entry][100000]: window foreground
02-17 05:32:20.129  8617  8617 I C03900/Ace: [jsi_declarative_engine.cpp(2747)-(100000:100000:scope)] Update application state , state: ON_SHOW
02-17 05:32:20.129  8617  8827 I C02c03/PARAM_WATCHER: [watcher_manager_kits.cpp:176]Add watcher keyPrefix persist.ace.debug.boundary.enabled remoteWatcherId 68 success
02-17 05:32:20.129  8617  8617 I C01706/RsFrameReportExt: RsFrameReportExt:[LoadLibrary] load library success!
02-17 05:32:20.129  8617  8617 I C01706/RsFrameReportExt: RsFrameReportExt:[Init] dlopen libframe_ui_intf.so success!
02-17 05:32:20.129  8617  8827 I C02c03/PARAM_WATCHER: [watcher_manager_kits.cpp:176]Add watcher keyPrefix persist.ace.performance.monitor.enabled remoteWatcherId 68 success
02-17 05:32:20.129  8617  8617 I C01406/OHOS::RS: RSSurfaceNode::SetAbilityState, surfaceNodeId:[37009733189633], ability state: foreground
02-17 05:32:20.129  8617  8617 I C03900/Ace: [rosen_window.cpp(226)-(100000:100000:scope)] ArkUI requests first Vsync.
02-17 05:32:20.129  8617  8617 I C04202/WMSMain: [vsync_station.cpp] RequestVsync: First vsync has requested, nodeId: 37009733189633
02-17 05:32:20.130  8617  8617 I C03900/Ace: [ui_content_impl.cpp(4208)-(-2:100000:singleton)] [com.example.helloworld][entry][100000]: HideWindowTitleButton hideSplit: 0, hideMaximize: 0, hideMinimize: 0, hideClose: 0
02-17 05:32:20.130  8617  8827 E C02c03/PARAM_WATCHER: Read result failed, code is: 1.
02-17 05:32:20.130  8617  8617 I C03952/AceAppBar: [container_modal_pattern.cpp(517)-(100000:100000:scope)] Set containerModal button status successfully, hideSplit: 0, hideMaximize: 0, hideMinimize: 0, hideClose: 0
02-17 05:32:20.130  8617  8827 E C02c03/PARAM_WATCHER: [watcher_manager_kits.cpp:165]Failed to add watcher for persist.gesture.smart_gesture_enable
02-17 05:32:20.130  8617  8827 E C02c03/PARAM_WATCHER: [watcher_manager_kits.cpp:350]SystemWatchParameter is failed! keyPrefix is:persist.gesture.smart_gesture_enable, errNum is:-1
02-17 05:32:20.130  8617  8827 E C02c0b/BEGET: [service_watcher.c:83]WatchParameter failed! the errNum is -1
02-17 05:32:20.130  8617  8617 I C0420a/WMSLife: [window_impl.cpp] SetUIContentInner: notify window orientation change end.
02-17 05:32:20.130  8617  8617 I C03959/AceLayout: [ui_content_impl.cpp(3761)-(-2:100000:singleton)] [com.example.helloworld][entry][100000]: UpdateViewportConfig Viewport config: size: (1080, 2340) orientation: 0 density: 2.875000 position: (0, 0) transformHint: 0 displayId: 0, windowSizeChangeReason 0, is rsTransaction nullptr 1, , keyboardInfo is null
02-17 05:32:20.131  8617  8617 I A00000/testTag: Succeeded in loading the content.
02-17 05:32:20.131  8617  8617 I C04200/JsWindowStage: (419)Window [34, helloworld0] load content end, ret=0
02-17 05:32:20.131  8617  8617 I C03900/Ace: [jsi_declarative_engine.cpp(2747)-(100000:100000:scope)] Update application state , state: ON_ACTIVE
02-17 05:32:20.131  8617  8617 I C01d02/accessibility_asacfwk: [accessibility_system_ability_client_impl.cpp(SubscribeStateObserver:539)]Observer has subscribed!
02-17 05:32:20.131  8617  8617 I C01d02/accessibility_asacfwk: [accessibility_system_ability_client_impl.cpp(SubscribeStateObserver:539)]Observer has subscribed!
02-17 05:32:20.131  8617  8617 I C01d02/accessibility_asacfwk: [accessibility_system_ability_client_impl.cpp(SubscribeStateObserver:539)]Observer has subscribed!
02-17 05:32:20.131  8617  8617 I C0391c/AceFocus: [pipeline_context.cpp(4621)-(100000:100000:scope)] Window: 34 get focus.
02-17 05:32:20.131  8617  8617 W C0391c/AceFocus: [focus_manager.cpp(489)-(100000:100000:scope)] Current focus view can not found!
02-17 05:32:20.131  8617  8617 I C03925/AceRouter: [page_router_manager.cpp(1534)-(100000:100000:scope)] Page router manager is creating page[1]: url: pages/Index path: pages/Index.js, recoverable: yes, namedRouter: no
02-17 05:32:20.132  8617  8617 I C03900/Ace: [ressched_report.cpp(37)-(100000:100000:scope)] dlsym function ReportData success.
02-17 05:32:20.132  8617  8617 I C03900/Ace: [ressched_report.cpp(51)-(100000:100000:scope)] dlsym function ReportSyncEvent success.
02-17 05:32:20.163  8617  8831 E C01406/OHOS::RS: RSRenderNodeDrawableAdapter::OnGenerate, node type 4225 is not supported
02-17 05:32:20.163  8617  8831 E C01406/OHOS::RS: RSRenderNode::InitRenderParams failed
02-17 05:32:20.163  8617  8831 E C01406/OHOS::RS: RSRenderNodeDrawableAdapter::OnGenerate, node type 129 is not supported
02-17 05:32:20.163  8617  8831 E C01406/OHOS::RS: RSRenderNode::InitRenderParams failed
02-17 05:32:20.163  8617  8831 E C01406/OHOS::RS: RSRenderNodeDrawableAdapter::OnGenerate, node type 129 is not supported
02-17 05:32:20.163  8617  8831 E C01406/OHOS::RS: RSRenderNode::InitRenderParams failed
02-17 05:32:20.163  8617  8831 E C01406/OHOS::RS: RSRenderNodeDrawableAdapter::OnGenerate, node type 129 is not supported
02-17 05:32:20.163  8617  8831 E C01406/OHOS::RS: RSRenderNode::InitRenderParams failed
02-17 05:32:20.163  8617  8831 E C01406/OHOS::RS: RSRenderNodeDrawableAdapter::OnGenerate, node type 129 is not supported
02-17 05:32:20.163  8617  8831 E C01406/OHOS::RS: RSRenderNode::InitRenderParams failed
02-17 05:32:20.163  8617  8831 E C01406/OHOS::RS: RSRenderNodeDrawableAdapter::OnGenerate, node type 129 is not supported
02-17 05:32:20.163  8617  8831 E C01406/OHOS::RS: RSRenderNode::InitRenderParams failed
02-17 05:32:20.163  8617  8831 E C01406/OHOS::RS: RSRenderNodeDrawableAdapter::OnGenerate, node type 129 is not supported
02-17 05:32:20.163  8617  8831 E C01406/OHOS::RS: RSRenderNode::InitRenderParams failed
02-17 05:32:20.163  8617  8831 E C01406/OHOS::RS: RSRenderNodeDrawableAdapter::OnGenerate, node type 129 is not supported
02-17 05:32:20.163  8617  8831 E C01406/OHOS::RS: RSRenderNode::InitRenderParams failed
02-17 05:32:20.163  8617  8831 E C01406/OHOS::RS: RSRenderNodeDrawableAdapter::OnGenerate, node type 129 is not supported
02-17 05:32:20.163  8617  8831 E C01406/OHOS::RS: RSRenderNode::InitRenderParams failed
02-17 05:32:20.163  8617  8831 E C01406/OHOS::RS: RSRenderNodeDrawableAdapter::OnGenerate, node type 129 is not supported
02-17 05:32:20.163  8617  8831 E C01406/OHOS::RS: RSRenderNode::InitRenderParams failed
02-17 05:32:20.163  8617  8831 E C01406/OHOS::RS: RSRenderNodeDrawableAdapter::OnGenerate, node type 129 is not supported
02-17 05:32:20.163  8617  8831 E C01406/OHOS::RS: RSRenderNode::InitRenderParams failed
02-17 05:32:20.163  8617  8831 E C01406/OHOS::RS: RSRenderNodeDrawableAdapter::OnGenerate, node type 129 is not supported
02-17 05:32:20.163  8617  8831 E C01406/OHOS::RS: RSRenderNode::InitRenderParams failed
02-17 05:32:20.163  8617  8831 E C01406/OHOS::RS: RSRenderNodeDrawableAdapter::OnGenerate, node type 129 is not supported
02-17 05:32:20.163  8617  8831 E C01406/OHOS::RS: RSRenderNode::InitRenderParams failed
02-17 05:32:20.163  8617  8831 E C01406/OHOS::RS: RSRenderNodeDrawableAdapter::OnGenerate, node type 129 is not supported
02-17 05:32:20.163  8617  8831 E C01406/OHOS::RS: RSRenderNode::InitRenderParams failed
02-17 05:32:20.164  8617  8831 E C01406/OHOS::RS: RSRenderNodeDrawableAdapter::OnGenerate, node type 129 is not supported
02-17 05:32:20.164  8617  8831 E C01406/OHOS::RS: RSRenderNode::InitRenderParams failed
02-17 05:32:20.164  8617  8831 E C01406/OHOS::RS: RSRenderNodeDrawableAdapter::OnGenerate, node type 129 is not supported
02-17 05:32:20.164  8617  8831 E C01406/OHOS::RS: RSRenderNode::InitRenderParams failed
02-17 05:32:20.164  8617  8831 E C01406/OHOS::RS: RSRenderNodeDrawableAdapter::OnGenerate, node type 129 is not supported
02-17 05:32:20.164  8617  8831 E C01406/OHOS::RS: RSRenderNode::InitRenderParams failed
02-17 05:32:20.164  8617  8831 E C01406/OHOS::RS: RSRenderNodeDrawableAdapter::OnGenerate, node type 129 is not supported
02-17 05:32:20.164  8617  8831 E C01406/OHOS::RS: RSRenderNode::InitRenderParams failed
02-17 05:32:20.164  8617  8831 E C01406/OHOS::RS: RSRenderNodeDrawableAdapter::OnGenerate, node type 4225 is not supported
02-17 05:32:20.164  8617  8831 I C01406/OHOS::RS: multi-instance, create RSUIContextManager, isMultiInstanceOpen_ 0
02-17 05:32:20.165  8617  8617 E C01707/CONCUR: [Interface] task 8617 belong to user 20010058 open qos node failed, errno = 2
02-17 05:32:20.165  8617  8617 E C01707/CONCUR: [Interface] task 8617 belong to user 20010058 open qos node failed, errno = 2
02-17 05:32:20.165  8617  8617 E C01707/CONCUR: [Interface] task 8617 belong to user 20010058 open qos node failed, errno = 2
02-17 05:32:20.165  8617  8617 E C01707/CONCUR: [Interface] task 8617 belong to user 20010058 open qos node failed, errno = 2
02-17 05:32:20.165  8617  8617 E C01707/CONCUR: [Interface] task 8617 belong to user 20010058 open qos node failed, errno = 2
02-17 05:32:20.165  8617  8617 E C01707/CONCUR: [Interface] task 8617 belong to user 20010058 open qos node failed, errno = 2
02-17 05:32:20.167  8617  8617 I C04500/webview: [napi_native_media_player.cpp:31] begin to init native media player napi properties
02-17 05:32:20.167  8617  8617 I C04500/webview: [napi_proxy_config.cpp:309] [PROXYCONTROLLER] NapiProxyConfig::Init is called
02-17 05:32:20.173  8617  8617 I C03f01/NAPI: [(native_module_manager.cpp:1226)(RegisterByBuffer)] Register by buffer success. module name is 'file.photoAccessHelper'
02-17 05:32:20.173  8617  8617 E C01707/CONCUR: [Interface] task 8617 belong to user 20010058 open qos node failed, errno = 2
02-17 05:32:20.173  8617  8617 E C01707/CONCUR: [Interface] task 8617 belong to user 20010058 open qos node failed, errno = 2
02-17 05:32:20.173  8617  8617 E C01707/CONCUR: [Interface] task 8617 belong to user 20010058 open qos node failed, errno = 2
02-17 05:32:20.173  8617  8617 E C01707/CONCUR: [Interface] task 8617 belong to user 20010058 open qos node failed, errno = 2
02-17 05:32:20.173  8617  8617 E C01707/CONCUR: [Interface] task 8617 belong to user 20010058 open qos node failed, errno = 2
02-17 05:32:20.173  8617  8617 E C01707/CONCUR: [Interface] task 8617 belong to user 20010058 open qos node failed, errno = 2
02-17 05:32:20.175  8617  8617 W C03f01/NAPI: [(native_module_manager.cpp:1146)(FindNativeModuleByDisk)] mismatch: moduleName is file.photoAccessHelperNative, name is file.photoAccessHelper
02-17 05:32:20.179  8617  8617 I C01719/ffrt: 6:QueueHandler:71 construct sq_ces_queue_1_2 succ, qos[2]
02-17 05:32:20.182  8617  8617 I C02b01/CAMERA: {Onload()-camera_picker_napi.cpp:54} CameraPickerNapi::OnLoad
02-17 05:32:20.182  8617  8617 I C02b01/CAMERA: {Init()-camera_picker_napi.cpp:325} CameraPickerNapi::Init is called
02-17 05:32:20.182  8617  8617 I C02b01/CAMERA: {Init()-camera_picker_napi.cpp:347} CameraPickerNapi::Init is ok
02-17 05:32:20.182  8617  8617 E C01707/CONCUR: [Interface] task 8617 belong to user 20010058 open qos node failed, errno = 2
02-17 05:32:20.182  8617  8617 E C01707/CONCUR: [Interface] task 8617 belong to user 20010058 open qos node failed, errno = 2
02-17 05:32:20.182  8617  8617 E C01707/CONCUR: [Interface] task 8617 belong to user 20010058 open qos node failed, errno = 2
02-17 05:32:20.182  8617  8617 E C01707/CONCUR: [Interface] task 8617 belong to user 20010058 open qos node failed, errno = 2
02-17 05:32:20.182  8617  8617 E C01707/CONCUR: [Interface] task 8617 belong to user 20010058 open qos node failed, errno = 2
02-17 05:32:20.182  8617  8617 E C01707/CONCUR: [Interface] task 8617 belong to user 20010058 open qos node failed, errno = 2
02-17 05:32:20.184  8617  8617 I C04500/webview: [napi_webview_controller.cpp:1049] NapiWebviewController::JsConstructor start
02-17 05:32:20.185  8617  8617 I C04500/webview: [arkweb_utils.cpp:202] WebEngineVersionResult, enforce EVERGREEN
