02-17 05:32:20.390  8617  8617 I C04500/chromium: [battery_mgr_client_adapter_impl.cpp:177] request batteryInfo
02-17 05:32:20.390  8617  8617 I C02921/BatteryFwk: Connecting PowerMgrService success, pid=8617
02-17 05:32:20.390  8617  8831 E C01406/OHOS::RS: RSRenderNodeDrawableAdapter::OnGenerate, node type 129 is not supported
02-17 05:32:20.390  8617  8831 E C01406/OHOS::RS: RSRenderNode::InitRenderParams failed
02-17 05:32:20.390  8617  8831 E C01406/OHOS::RS: RSRenderNodeDrawableAdapter::OnGenerate, node type 129 is not supported
02-17 05:32:20.390  8617  8831 E C01406/OHOS::RS: RSRenderNode::InitRenderParams failed
02-17 05:32:20.390  8617  8831 E C01406/OHOS::RS: RSRenderNodeDrawableAdapter::OnGenerate, node type 129 is not supported
02-17 05:32:20.390  8617  8831 E C01406/OHOS::RS: RSRenderNode::InitRenderParams failed
02-17 05:32:20.390  8617  8831 E C01406/OHOS::RS: RSRenderNodeDrawableAdapter::OnGenerate, node type 33 is not supported
02-17 05:32:20.390  8617  8831 E C01406/OHOS::RS: RSSurfaceRenderNode::InitRenderParams failed
02-17 05:32:20.390  8617  8831 I C01406/OHOS::RS: RSSurfaceRenderNode::ConnectToNodeInRenderService nodeId = 37009733189656
02-17 05:32:20.391  8617  8831 E C01406/OHOS::RS: RSRenderNodeDrawableAdapter::OnGenerate, node type 33 is not supported
02-17 05:32:20.391  8617  8831 E C01406/OHOS::RS: RSSurfaceRenderNode::InitRenderParams failed
02-17 05:32:20.391  8617  8831 I C01406/OHOS::RS: RSSurfaceRenderNode::ConnectToNodeInRenderService nodeId = 37009733189657
02-17 05:32:20.391  8617  8831 I C01406/OHOS::RS: RSRenderNode:: add child surfaceNode[id:37009733189656 name:] parent'S isOnTheTree_:0
02-17 05:32:20.391  8617  8831 E C01406/OHOS::RS: RSRenderNodeDrawableAdapter::OnGenerate, node type 129 is not supported
02-17 05:32:20.392  8617  8831 E C01406/OHOS::RS: RSRenderNodeDrawableAdapter::OnGenerate, node type 129 is not supported
02-17 05:32:20.392  8617  8831 E C01406/OHOS::RS: RSRenderNodeDrawableAdapter::OnGenerate, node type 129 is not supported
02-17 05:32:20.392  8617  8831 E C01406/OHOS::RS: RSRenderNodeDrawableAdapter::OnGenerate, node type 129 is not supported
02-17 05:32:20.392  8617  8831 E C01406/OHOS::RS: RSRenderNodeDrawableAdapter::OnGenerate, node type 129 is not supported
02-17 05:32:20.392  8617  8831 E C01406/OHOS::RS: RSRenderNodeDrawableAdapter::OnGenerate, node type 33 is not supported
02-17 05:32:20.397  8617  8831 I C01400/DISP: [dri2_get_proc_address@egl_dri2.c:1933] procname = glGetStringi
02-17 05:32:20.397  8617  8831 I C01400/DISP: [dri2_get_proc_address@egl_dri2.c:1933] procname = glGetFloatv
02-17 05:32:20.397  8617  8831 I C01400/DISP: [dri2_get_proc_address@egl_dri2.c:1933] procname = glGetStringi
02-17 05:32:20.397  8617  8831 I C01400/DISP: [dri2_get_proc_address@egl_dri2.c:1933] procname = glMemoryBarrier
02-17 05:32:20.397  8617  8831 I C01400/DISP: [dri2_get_proc_address@egl_dri2.c:1933] procname = glBindVertexArray
02-17 05:32:20.397  8617  8831 I C01400/DISP: [dri2_get_proc_address@egl_dri2.c:1933] procname = glDeleteVertexArrays
02-17 05:32:20.397  8617  8831 I C01400/DISP: [dri2_get_proc_address@egl_dri2.c:1933] procname = glGenVertexArrays
02-17 05:32:20.397  8617  8831 I C01400/DISP: [dri2_get_proc_address@egl_dri2.c:1933] procname = glPatchParameteri
02-17 05:32:20.398  8617  8831 I C01400/DISP: [dri2_get_proc_address@egl_dri2.c:1933] procname = glBindFragDataLocationEXT
02-17 05:32:20.398  8617  8831 I C01400/DISP: [dri2_get_proc_address@egl_dri2.c:1933] procname = glBindFragDataLocationIndexedEXT
02-17 05:32:20.398  8617  8831 I C01400/DISP: [dri2_get_proc_address@egl_dri2.c:1933] procname = glBlendBarrierKHR
02-17 05:32:20.398  8617  8831 I C01400/DISP: [dri2_get_proc_address@egl_dri2.c:1933] procname = glDrawArraysInstanced
02-17 05:32:20.398  8617  8831 I C01400/DISP: [dri2_get_proc_address@egl_dri2.c:1933] procname = glDrawElementsInstanced
02-17 05:32:20.398  8617  8831 I C01400/DISP: [dri2_get_proc_address@egl_dri2.c:1933] procname = glDrawBuffers
02-17 05:32:20.398  8617  8831 I C01400/DISP: [dri2_get_proc_address@egl_dri2.c:1933] procname = glReadBuffer
02-17 05:32:20.398  8617  8831 I C01400/DISP: [dri2_get_proc_address@egl_dri2.c:1933] procname = glDrawArraysIndirect
02-17 05:32:20.398  8617  8831 I C01400/DISP: [dri2_get_proc_address@egl_dri2.c:1933] procname = glDrawElementsIndirect
02-17 05:32:20.398  8617  8831 I C01400/DISP: [dri2_get_proc_address@egl_dri2.c:1933] procname = glDrawRangeElements
02-17 05:32:20.398  8617  8831 I C01400/DISP: [dri2_get_proc_address@egl_dri2.c:1933] procname = glGetMultisamplefv
02-17 05:32:20.398  8617  8831 I C01400/DISP: [dri2_get_proc_address@egl_dri2.c:1933] procname = glGetTexLevelParameteriv
02-17 05:32:20.398  8617  8831 I C01400/DISP: [dri2_get_proc_address@egl_dri2.c:1933] procname = glTexBuffer
02-17 05:32:20.398  8617  8831 I C01400/DISP: [dri2_get_proc_address@egl_dri2.c:1933] procname = glTexBufferRange
02-17 05:32:20.398  8617  8831 I C01400/DISP: [dri2_get_proc_address@egl_dri2.c:1933] procname = glTexStorage2D
02-17 05:32:20.398  8617  8831 I C01400/DISP: [dri2_get_proc_address@egl_dri2.c:1933] procname = glDiscardFramebufferEXT
02-17 05:32:20.398  8617  8831 I C01400/DISP: [dri2_get_proc_address@egl_dri2.c:1933] procname = glVertexAttribDivisor
02-17 05:32:20.398  8617  8831 I C01400/DISP: [dri2_get_proc_address@egl_dri2.c:1933] procname = glVertexAttribIPointer
02-17 05:32:20.398  8617  8831 I C01400/DISP: [dri2_get_proc_address@egl_dri2.c:1933] procname = glBlitFramebuffer
02-17 05:32:20.398  8617  8831 I C01400/DISP: [dri2_get_proc_address@egl_dri2.c:1933] procname = glRenderbufferStorageMultisample
02-17 05:32:20.398  8617  8831 I C01400/DISP: [dri2_get_proc_address@egl_dri2.c:1933] procname = glFramebufferTexture2DMultisampleEXT
02-17 05:32:20.398  8617  8831 I C01400/DISP: [dri2_get_proc_address@egl_dri2.c:1933] procname = glRenderbufferStorageMultisampleEXT
02-17 05:32:20.398  8617  8831 I C01400/DISP: [dri2_get_proc_address@egl_dri2.c:1933] procname = glMapBufferOES
02-17 05:32:20.398  8617  8831 I C01400/DISP: [dri2_get_proc_address@egl_dri2.c:1933] procname = glUnmapBuffer
02-17 05:32:20.398  8617  8831 I C01400/DISP: [dri2_get_proc_address@egl_dri2.c:1933] procname = glFlushMappedBufferRange
02-17 05:32:20.398  8617  8831 I C01400/DISP: [dri2_get_proc_address@egl_dri2.c:1933] procname = glMapBufferRange
02-17 05:32:20.398  8617  8831 I C01400/DISP: [dri2_get_proc_address@egl_dri2.c:1933] procname = glCopyBufferSubData
02-17 05:32:20.398  8617  8831 I C01400/DISP: [dri2_get_proc_address@egl_dri2.c:1933] procname = glDebugMessageCallbackKHR
02-17 05:32:20.398  8617  8831 I C01400/DISP: [dri2_get_proc_address@egl_dri2.c:1933] procname = glDebugMessageControlKHR
02-17 05:32:20.398  8617  8831 I C01400/DISP: [dri2_get_proc_address@egl_dri2.c:1933] procname = glDebugMessageInsertKHR
02-17 05:32:20.398  8617  8831 I C01400/DISP: [dri2_get_proc_address@egl_dri2.c:1933] procname = glGetDebugMessageLogKHR
02-17 05:32:20.398  8617  8831 I C01400/DISP: [dri2_get_proc_address@egl_dri2.c:1933] procname = glObjectLabelKHR
02-17 05:32:20.398  8617  8831 I C01400/DISP: [dri2_get_proc_address@egl_dri2.c:1933] procname = glPopDebugGroupKHR
02-17 05:32:20.398  8617  8831 I C01400/DISP: [dri2_get_proc_address@egl_dri2.c:1933] procname = glPushDebugGroupKHR
02-17 05:32:20.398  8617  8831 I C01400/DISP: [dri2_get_proc_address@egl_dri2.c:1933] procname = glClientWaitSync
02-17 05:32:20.398  8617  8831 I C01400/DISP: [dri2_get_proc_address@egl_dri2.c:1933] procname = glDeleteSync
02-17 05:32:20.398  8617  8831 I C01400/DISP: [dri2_get_proc_address@egl_dri2.c:1933] procname = glFenceSync
02-17 05:32:20.398  8617  8831 I C01400/DISP: [dri2_get_proc_address@egl_dri2.c:1933] procname = glIsSync
02-17 05:32:20.398  8617  8831 I C01400/DISP: [dri2_get_proc_address@egl_dri2.c:1933] procname = glWaitSync
02-17 05:32:20.398  8617  8831 I C01400/DISP: [dri2_get_proc_address@egl_dri2.c:1933] procname = glGetInternalformativ
02-17 05:32:20.398  8617  8831 I C01400/DISP: [dri2_get_proc_address@egl_dri2.c:1933] procname = glGetProgramBinary
02-17 05:32:20.398  8617  8831 I C01400/DISP: [dri2_get_proc_address@egl_dri2.c:1933] procname = glProgramBinary
02-17 05:32:20.398  8617  8831 I C01400/DISP: [dri2_get_proc_address@egl_dri2.c:1933] procname = glProgramParameteri
02-17 05:32:20.398  8617  8831 I C01400/DISP: [dri2_get_proc_address@egl_dri2.c:1933] procname = glBindSampler
02-17 05:32:20.398  8617  8831 I C01400/DISP: [dri2_get_proc_address@egl_dri2.c:1933] procname = glDeleteSamplers
02-17 05:32:20.398  8617  8831 I C01400/DISP: [dri2_get_proc_address@egl_dri2.c:1933] procname = glGenSamplers
02-17 05:32:20.398  8617  8831 I C01400/DISP: [dri2_get_proc_address@egl_dri2.c:1933] procname = glSamplerParameterf
02-17 05:32:20.398  8617  8831 I C01400/DISP: [dri2_get_proc_address@egl_dri2.c:1933] procname = glSamplerParameteri
02-17 05:32:20.398  8617  8831 I C01400/DISP: [dri2_get_proc_address@egl_dri2.c:1933] procname = glSamplerParameteriv
02-17 05:32:20.398  8617  8831 I C01400/DISP: [dri2_get_proc_address@egl_dri2.c:1933] procname = glBeginQuery
02-17 05:32:20.398  8617  8831 I C01400/DISP: [dri2_get_proc_address@egl_dri2.c:1933] procname = glDeleteQueries
02-17 05:32:20.398  8617  8831 I C01400/DISP: [dri2_get_proc_address@egl_dri2.c:1933] procname = glEndQuery
02-17 05:32:20.398  8617  8831 I C01400/DISP: [dri2_get_proc_address@egl_dri2.c:1933] procname = glGenQueries
02-17 05:32:20.398  8617  8831 I C01400/DISP: [dri2_get_proc_address@egl_dri2.c:1933] procname = glGetQueryObjectuiv
02-17 05:32:20.398  8617  8831 I C01400/DISP: [dri2_get_proc_address@egl_dri2.c:1933] procname = glGetQueryiv
02-17 05:32:20.398  8617  8831 I C01400/DISP: [dri2_get_proc_address@egl_dri2.c:1933] procname = glQueryCounterEXT
02-17 05:32:20.398  8617  8831 I C01400/DISP: [dri2_get_proc_address@egl_dri2.c:1933] procname = glGetQueryObjecti64vEXT
02-17 05:32:20.398  8617  8831 I C01400/DISP: [dri2_get_proc_address@egl_dri2.c:1933] procname = glGetQueryObjectui64vEXT
02-17 05:32:20.398  8617  8831 I C01400/DISP: [dri2_get_proc_address@egl_dri2.c:1933] procname = glInvalidateFramebuffer
02-17 05:32:20.398  8617  8831 I C01400/DISP: [dri2_get_proc_address@egl_dri2.c:1933] procname = glInvalidateSubFramebuffer
02-17 05:32:20.399  8617  8617 E C04500/chromium: [media_session_ohos.cc:183] MediaSessionImagesChangedmedia avsession avsession_adapter_ or metadata is null return
02-17 05:32:20.399  8617  8617 W C04500/chromium: [media_session_ohos.cc:202] MediaSessionPositionChanged media avsession avsession_adapter_ or position or av_position_ null
02-17 05:32:20.399  8617  8864 E C04500/chromium: [socket_posix.cc:93] CreatePlatformSocket() failed: Operation not permitted (1)
02-17 05:32:20.399  8617  8864 E C04500/chromium: [socket_posix.cc:93] CreatePlatformSocket() failed: Operation not permitted (1)
02-17 05:32:20.400  8617  8831 E C04500/chromium: [gl_display.cc:493] EGL Driver message (Error) eglQuerySurface: eglQuerySurface
02-17 05:32:20.400  8617  8831 E C01406/OHOS::RS: QueryEglBufferAge: eglQuerySurface is failed
02-17 05:32:20.400  8617  8831 I C01406/OHOS::RS: RSRenderThreadVisitor::ClipHoleForSurfaceNode node : 37009733189656,not clip [1.000000, 1.000000, 1078.000000, 2122.000000]
02-17 05:32:20.401  8617  8880 I C04500/webadapter: [res_sched_client_adapter_impl.cpp:294] ReportKeyThread status: 0, uid: 20010058, pid: 8617, tid:8880, role: 2
02-17 05:32:20.404  8617  8617 I C04500/chromium: [nweb_output_handler.cc:107] NWeb size change from 1*1 to 1080*2124, nweb id = 1
02-17 05:32:20.404  8617  8617 I C04500/chromium: [nweb_output_handler.cc:130] need to resize for emulator early firstly, result = 0
02-17 05:32:20.405  8617  8864 E C04500/chromium: [socket_posix.cc:93] CreatePlatformSocket() failed: Operation not permitted (1)
02-17 05:32:20.405  8617  8864 E C04500/chromium: [socket_posix.cc:93] CreatePlatformSocket() failed: Operation not permitted (1)
02-17 05:32:20.413  8617  8858 I C01400/DISP: [dri2_get_proc_address@egl_dri2.c:1933] procname = glClearDepth
02-17 05:32:20.413  8617  8858 I C01400/DISP: [dri2_get_proc_address@egl_dri2.c:1933] procname = glDepthRange
02-17 05:32:20.413  8617  8858 I C01400/DISP: [dri2_get_proc_address@egl_dri2.c:1933] procname = glDrawBuffer
02-17 05:32:20.413  8617  8858 I C01400/DISP: [dri2_get_proc_address@egl_dri2.c:1933] procname = glPointParameteri
02-17 05:32:20.413  8617  8858 I C01400/DISP: [dri2_get_proc_address@egl_dri2.c:1933] procname = glPolygonMode
02-17 05:32:20.413  8617  8858 I C01400/DISP: [dri2_get_proc_address@egl_dri2.c:1933] procname = glPrimitiveRestartIndex
02-17 05:32:20.415  8617  8858 I C01400/DISP: [dri2_get_proc_address@egl_dri2.c:1933] procname = glBindFragDataLocationEXT
02-17 05:32:20.415  8617  8858 I C01400/DISP: [dri2_get_proc_address@egl_dri2.c:1933] procname = glBindFragDataLocationIndexedEXT
02-17 05:32:20.415  8617  8858 I C01400/DISP: [dri2_get_proc_address@egl_dri2.c:1933] procname = glClipControlEXT
02-17 05:32:20.415  8617  8858 I C01400/DISP: [dri2_get_proc_address@egl_dri2.c:1933] procname = glCreateMemoryObjectsEXT
02-17 05:32:20.415  8617  8858 I C01400/DISP: [dri2_get_proc_address@egl_dri2.c:1933] procname = glDeleteMemoryObjectsEXT
02-17 05:32:20.415  8617  8858 I C01400/DISP: [dri2_get_proc_address@egl_dri2.c:1933] procname = glDeleteSemaphoresEXT
02-17 05:32:20.415  8617  8858 I C01400/DISP: [dri2_get_proc_address@egl_dri2.c:1933] procname = glDiscardFramebufferEXT
02-17 05:32:20.415  8617  8858 I C01400/DISP: [dri2_get_proc_address@egl_dri2.c:1933] procname = glEGLImageTargetRenderbufferStorageOES
02-17 05:32:20.415  8617  8858 I C01400/DISP: [dri2_get_proc_address@egl_dri2.c:1933] procname = glEGLImageTargetTexture2DOES
02-17 05:32:20.415  8617  8858 I C01400/DISP: [dri2_get_proc_address@egl_dri2.c:1933] procname = glFramebufferTexture2DMultisampleEXT
02-17 05:32:20.415  8617  8858 I C01400/DISP: [dri2_get_proc_address@egl_dri2.c:1933] procname = glGenSemaphoresEXT
02-17 05:32:20.415  8617  8858 I C01400/DISP: [dri2_get_proc_address@egl_dri2.c:1933] procname = glGetFragDataIndexEXT
02-17 05:32:20.415  8617  8858 I C01400/DISP: [dri2_get_proc_address@egl_dri2.c:1933] procname = glGetQueryObjecti64vEXT
02-17 05:32:20.416  8617  8858 I C01400/DISP: [dri2_get_proc_address@egl_dri2.c:1933] procname = glGetQueryObjectivEXT
02-17 05:32:20.416  8617  8858 I C01400/DISP: [dri2_get_proc_address@egl_dri2.c:1933] procname = glGetQueryObjectui64vEXT
02-17 05:32:20.416  8617  8858 I C01400/DISP: [dri2_get_proc_address@egl_dri2.c:1933] procname = glImportMemoryFdEXT
02-17 05:32:20.416  8617  8858 I C01400/DISP: [dri2_get_proc_address@egl_dri2.c:1933] procname = glImportSemaphoreFdEXT
02-17 05:32:20.416  8617  8858 I C01400/DISP: [dri2_get_proc_address@egl_dri2.c:1933] procname = glMapBufferOES
02-17 05:32:20.416  8617  8858 I C01400/DISP: [dri2_get_proc_address@egl_dri2.c:1933] procname = glMaxShaderCompilerThreadsKHR
02-17 05:32:20.416  8617  8858 I C01400/DISP: [dri2_get_proc_address@egl_dri2.c:1933] procname = glMemoryObjectParameterivEXT
02-17 05:32:20.416  8617  8858 I C01400/DISP: [dri2_get_proc_address@egl_dri2.c:1933] procname = glPolygonOffsetClampEXT
02-17 05:32:20.417  8617  8858 I C01400/DISP: [dri2_get_proc_address@egl_dri2.c:1933] procname = glQueryCounterEXT
02-17 05:32:20.417  8617  8858 I C01400/DISP: [dri2_get_proc_address@egl_dri2.c:1933] procname = glRenderbufferStorageMultisampleEXT
02-17 05:32:20.417  8617  8858 I C01400/DISP: [dri2_get_proc_address@egl_dri2.c:1933] procname = glSignalSemaphoreEXT
02-17 05:32:20.417  8617  8858 I C01400/DISP: [dri2_get_proc_address@egl_dri2.c:1933] procname = glTexStorageMem2DEXT
02-17 05:32:20.417  8617  8617 I C04500/chromium: [nweb_application.cc:225] NWebApplication::OnBeforeChildProcessLaunch
02-17 05:32:20.417  8617  8617 I C04500/chromium: [nweb_application.cc:261] hap package is not decompresssed
02-17 05:32:20.418  8617  8858 I C01400/DISP: [dri2_get_proc_address@egl_dri2.c:1933] procname = glWaitSemaphoreEXT
02-17 05:32:20.419  8617  8617 I C04500/cef: [arkweb_render_widget_host_view_osr_utils.cc:77] compositor construct, widget = 1
02-17 05:32:20.419  8617  8882 I C04500/chromium: [feature_list_utils.cc:67] scrollbar modify features
02-17 05:32:20.419  8617  8882 I C04500/webadapter: [aafwk_app_mgr_client_adapter_impl.cpp:172] AafwkAppMgrClientAdapterImpl SaveBrowserConnect success!
02-17 05:32:20.421  8617  8882 I C04500/chromium: [arkweb_child_process_launcher_helper_utils.cc:73] Initiate a request to AMS to create a child process, child type: renderer
02-17 05:32:20.421  8617  8882 I C04500/webadapter: [aafwk_app_mgr_client_adapter_impl.cpp:135] AafwkAppMgrClientAdapterImpl::StartChildProcess, renderParamNew = /system/bin/web_render#--type=renderer#--string-annotations#--enable-crash-reporter=,#--user-data-dir=/data/storage/el2/base#--subproc-heap-profiling#--user-data-dir=/data/storage/el2/base/cache/web#--log-severity=info#--ohos-scheme-handler-custom-scheme={}#--user-hap-path=/data/storage/el1/bundle/entry.hap#--no-sandbox#--enable-touch-drag-drop#--enable-viewport#--no-zygote#--use-mobile-user-agent#--ozone-platform=headless#--bundle-installation-dir=/data/storage/el1/bundle#--bundle-name=com.example.helloworld#--virtual-pixel-ratio=2.875000#--ohos-enable-gwp-asan-type=none#--lang=en-US#--num-raster-threads=4#--gpu-rasterization-msaa-sample-count=1#--enable-main-frame-before-activation#--renderer-client-id=3#--time-ticks-at-unix-epoch=-1771258577144940#--launch-time-ticks=18963274466#--shared-files#--field-trial-handle=3,i,13127669232128846268,15521491384394054629,262144#--enable-features=ForceScrollbar,OverlayScrollbar,UseOzonePlatform#--disable-features=BackForwardCache#--variations-seed-version#--enable-logging=stderr#--v=2#--v=2#--appEngineVersion=0, renderPid = 0
02-17 05:32:20.425  8617  8853 W C03f00/MUSL-LDSO: load /system/lib64/libframe_ui_intf.z.so failed, namespace=default no inherits, errno=2
02-17 05:32:20.425  8617  8853 W C03f00/MUSL-LDSO: load absolute_path /system/lib64/libframe_ui_intf.z.so: check ns accessible failed namespace=ndk.
02-17 05:32:20.425  8617  8853 W C03f00/MUSL-LDSO: load /system/lib64/libframe_ui_intf.z.so failed, namespace=ndk no inherits, errno=2
02-17 05:32:20.425  8617  8853 W C03f00/MUSL-LDSO: load /system/lib64/libframe_ui_intf.z.so failed, namespace=nweb_ns, errno=2
02-17 05:32:20.425  8617  8853 W C03f00/MUSL-LDSO: dlopen_impl load library header failed for /system/lib64/libframe_ui_intf.z.so
02-17 05:32:20.425  8617  8831 I C01706/RsFrameReportExt: RsFrameReportExt:[LoadLibrary] load library success!
02-17 05:32:20.425  8617  8831 I C01706/RsFrameReportExt: RsFrameReportExt:[Init] dlopen libframe_ui_intf.so success!
02-17 05:32:20.425  8617  8831 I C01404/FrameSched: load library success!
02-17 05:32:20.426  8617  8617 I C04500/cef: [arkweb_render_widget_host_view_osr_utils.cc:175] CefRenderWidgetHostViewOSR::ShowWithVisibility compositor
02-17 05:32:20.426  8617  8617 I C04500/cef: [render_widget_host_view_osr.cc:470] CefRenderWidgetHostViewOSR::ShowWithVisibility AttachToCompositor
02-17 05:32:20.426  8617  8883 W C01400/SyncFence: open qos node failed
02-17 05:32:20.427  8617  8617 I C04500/webview: [arkweb_utils.cpp:202] WebEngineVersionResult, enforce EVERGREEN
02-17 05:32:20.427  8617  8617 I C04500/webview: [arkweb_utils.cpp:331] get arkweb install path: /system/app/com.ohos.arkwebcore/ArkWebCore.hap
02-17 05:32:20.428  8617  8617 I C04500/chromium: [chrome_content_browser_client_for_include.cc:185] [AdBlock] Start to get adblock switch from UI
02-17 05:32:20.428  8617  8617 I C04500/chromium: [web_contents_impl_ext.cc:242] [AdBlock] trigger adblock switch with rule list
02-17 05:32:20.428  8617  8617 I C04500/chromium: [web_contents_impl_ext.cc:317] [Adblock] set adblock switch for site, frame tree node id:1  adblock switch from UI: 0
02-17 05:32:20.428  8617  8617 I C04500/chromium: [render_frame_host_impl_for_include.cc:157] [AdBlock] Update adblock site switch:0
02-17 05:32:20.428  8617  8617 I C04500/chromium: [nweb_handler_delegate.cc:1844] NWebHandlerDelegate::OnBeforeBrowse
02-17 05:32:20.431  8617  8617 I C0391c/AceFocus: [focus_hub.cpp(1014)-(100000:100000:scope)] Node: Web/30 RequestFocus.
02-17 05:32:20.431  8617  8617 I C0391c/AceFocus: [focus_hub.cpp(392)-(100000:100000:scope)] Web/30 RequestFocusImmediately isOnMainTree:1
02-17 05:32:20.432  8617  8617 I C0391b/AceWeb: [web_pattern.cpp(2747)-(100000:100000:scope)] WebPattern::HandleFocusEvent webId:1, needOnFocus: 0.
02-17 05:32:20.432  8617  8617 I C04500/chromium: [nweb_delegate.cc:2950] NWebDelegate::OnFocus set web focus, nweb_id = 1
02-17 05:32:20.432  8617  8617 I C04500/chromium: [nweb_handler_delegate.cc:3006] nweb_handler request focus successful, source = 1, nweb_id = 1
02-17 05:32:20.432  8617  8617 I C04500/cef: [render_widget_host_view_osr.cc:1660] CefRenderWidgetHostViewOSR::SetFocus:1
02-17 05:32:20.432  8617  8617 I C04500/chromium: [nweb_inputmethod_handler.cc:469] ReAttchOnfocus, don't need reattach input method
02-17 05:32:20.432  8617  8617 I C0391c/AceFocus: [focus_manager.cpp(403)-(100000:100000:scope)] FocusSwitch end, Column/29 onBlur, Web/30 onFocus, start: 2, end: 1, update: 2
02-17 05:32:20.432  8617  8617 I C03933/AceKeyboard: [input_method_manager_ohos.cpp(51)-(100000:100000:scope)] current focus node: (Web/30). isDynamic: 0
02-17 05:32:20.432  8617  8617 I C04500/chromium: [nweb_inputmethod_handler.cc:1150] NWebInputMethodHandler is_editable_node_ = 0
02-17 05:32:20.432  8617  8617 I C04500/chromium: [nweb_impl.cc:4443] no hittest edit text, web close keyboard.
02-17 05:32:20.432  8617  8617 I C03933/AceKeyboard: [input_method_manager_ohos.cpp(272)-(100000:100000:scope)] FrameNode(Web/30) notNeedSoftKeyboard.
02-17 05:32:20.436  8617  8882 I C04500/webadapter: [res_sched_client_adapter_impl.cpp:294] ReportKeyThread status: 0, uid: 20010058, pid: 8884, tid:8884, role: 2
02-17 05:32:20.436  8617  8882 W C04500/webview: [nweb_config_helper.cpp:514] not found perf config for web_config: factoryConfig/factoryLevel
02-17 05:32:20.436  8617  8882 W C04500/webview: [nweb_config_helper.cpp:514] not found perf config for web_config: factoryConfig/factoryLevel
02-17 05:32:20.436  8617  8882 W C04500/webadapter: [system_properties_adapter_impl.cpp:127] read config factoryLevel: fail
02-17 05:32:20.436  8617  8882 I C04500/webadapter: [res_sched_client_adapter_impl.cpp:255] ReportWindowStatus status: 0, uid: 20010058, pid: 8884, windowId: 34, nwebId: 1, sn: 0
02-17 05:32:20.436  8617  8880 I C04500/chromium: [gl_factory_ohos.cc:112] create offscreen glsurface by surfacelessEGL.
02-17 05:32:20.437  8617  8617 I A00000/CapacitorBridge: Intercepted request: http://localhost/index.html
02-17 05:32:20.437  8617  8617 I A00000/CapacitorBridge: Serving asset: index.html (407 bytes, text/html)
02-17 05:32:20.439  8617  8864 E C04500/chromium: [socket_posix.cc:93] CreatePlatformSocket() failed: Operation not permitted (1)
02-17 05:32:20.439  8617  8864 E C04500/chromium: [socket_posix.cc:93] CreatePlatformSocket() failed: Operation not permitted (1)
02-17 05:32:20.440  8617  8617 I C04500/chromium: [navigation_url_loader_impl.cc:1085] is_download 0 must_download 0 known_mime_type 1 mime_type text/html
02-17 05:32:20.442  8617  8880 I C01400/DISP: [dri2_get_proc_address@egl_dri2.c:1933] procname = glClearDepth
02-17 05:32:20.442  8617  8880 I C01400/DISP: [dri2_get_proc_address@egl_dri2.c:1933] procname = glDepthRange
02-17 05:32:20.442  8617  8880 I C01400/DISP: [dri2_get_proc_address@egl_dri2.c:1933] procname = glDrawBuffer
02-17 05:32:20.442  8617  8880 I C01400/DISP: [dri2_get_proc_address@egl_dri2.c:1933] procname = glPointParameteri
02-17 05:32:20.442  8617  8880 I C01400/DISP: [dri2_get_proc_address@egl_dri2.c:1933] procname = glPolygonMode
02-17 05:32:20.442  8617  8880 I C01400/DISP: [dri2_get_proc_address@egl_dri2.c:1933] procname = glPrimitiveRestartIndex
02-17 05:32:20.443  8617  8880 I C01400/DISP: [dri2_get_proc_address@egl_dri2.c:1933] procname = glBindFragDataLocationEXT
02-17 05:32:20.443  8617  8880 I C01400/DISP: [dri2_get_proc_address@egl_dri2.c:1933] procname = glBindFragDataLocationIndexedEXT
02-17 05:32:20.443  8617  8880 I C01400/DISP: [dri2_get_proc_address@egl_dri2.c:1933] procname = glClipControlEXT
02-17 05:32:20.443  8617  8880 I C01400/DISP: [dri2_get_proc_address@egl_dri2.c:1933] procname = glCreateMemoryObjectsEXT
02-17 05:32:20.443  8617  8880 I C01400/DISP: [dri2_get_proc_address@egl_dri2.c:1933] procname = glDeleteMemoryObjectsEXT
02-17 05:32:20.443  8617  8880 I C01400/DISP: [dri2_get_proc_address@egl_dri2.c:1933] procname = glDeleteSemaphoresEXT
02-17 05:32:20.443  8617  8880 I C01400/DISP: [dri2_get_proc_address@egl_dri2.c:1933] procname = glDiscardFramebufferEXT
02-17 05:32:20.443  8617  8880 I C01400/DISP: [dri2_get_proc_address@egl_dri2.c:1933] procname = glEGLImageTargetRenderbufferStorageOES
02-17 05:32:20.443  8617  8880 I C01400/DISP: [dri2_get_proc_address@egl_dri2.c:1933] procname = glEGLImageTargetTexture2DOES
02-17 05:32:20.443  8617  8880 I C01400/DISP: [dri2_get_proc_address@egl_dri2.c:1933] procname = glFramebufferTexture2DMultisampleEXT
02-17 05:32:20.443  8617  8880 I C01400/DISP: [dri2_get_proc_address@egl_dri2.c:1933] procname = glGenSemaphoresEXT
02-17 05:32:20.443  8617  8880 I C01400/DISP: [dri2_get_proc_address@egl_dri2.c:1933] procname = glGetFragDataIndexEXT
02-17 05:32:20.443  8617  8880 I C01400/DISP: [dri2_get_proc_address@egl_dri2.c:1933] procname = glGetQueryObjecti64vEXT
02-17 05:32:20.443  8617  8880 I C01400/DISP: [dri2_get_proc_address@egl_dri2.c:1933] procname = glGetQueryObjectivEXT
02-17 05:32:20.443  8617  8880 I C01400/DISP: [dri2_get_proc_address@egl_dri2.c:1933] procname = glGetQueryObjectui64vEXT
02-17 05:32:20.443  8617  8880 I C01400/DISP: [dri2_get_proc_address@egl_dri2.c:1933] procname = glImportMemoryFdEXT
02-17 05:32:20.443  8617  8880 I C01400/DISP: [dri2_get_proc_address@egl_dri2.c:1933] procname = glImportSemaphoreFdEXT
02-17 05:32:20.443  8617  8880 I C01400/DISP: [dri2_get_proc_address@egl_dri2.c:1933] procname = glMapBufferOES
02-17 05:32:20.443  8617  8880 I C01400/DISP: [dri2_get_proc_address@egl_dri2.c:1933] procname = glMaxShaderCompilerThreadsKHR
02-17 05:32:20.443  8617  8880 I C01400/DISP: [dri2_get_proc_address@egl_dri2.c:1933] procname = glMemoryObjectParameterivEXT
02-17 05:32:20.443  8617  8880 I C01400/DISP: [dri2_get_proc_address@egl_dri2.c:1933] procname = glPolygonOffsetClampEXT
02-17 05:32:20.443  8617  8880 I C01400/DISP: [dri2_get_proc_address@egl_dri2.c:1933] procname = glQueryCounterEXT
02-17 05:32:20.443  8617  8880 I C01400/DISP: [dri2_get_proc_address@egl_dri2.c:1933] procname = glRenderbufferStorageMultisampleEXT
02-17 05:32:20.443  8617  8880 I C01400/DISP: [dri2_get_proc_address@egl_dri2.c:1933] procname = glSignalSemaphoreEXT
02-17 05:32:20.443  8617  8880 I C01400/DISP: [dri2_get_proc_address@egl_dri2.c:1933] procname = glTexStorageMem2DEXT
02-17 05:32:20.443  8617  8880 I C01400/DISP: [dri2_get_proc_address@egl_dri2.c:1933] procname = glWaitSemaphoreEXT
02-17 05:32:20.445  8617  8880 I C04500/chromium: [gl_surface_egl_ohos.cc:44] CreateNativeViewGLSurfaceEGLOhos:: normal surface, widgetid = 1
02-17 05:32:20.445  8617  8880 I C04500/chromium: [gl_surface_egl_ohos.cc:73] NativeViewGLSurfaceEGLOhos add window ref.
02-17 05:32:20.445  8617  8880 I C04500/chromium: [gl_surface.cc:233] gl_surface, InitializeGLSurface
02-17 05:32:20.451  8617  8867 I C04500/chromium: [external_begin_frame_source_ohos.cc:86] ExternalBeginFrameSourceOHOS constructor!!!
02-17 05:32:20.451  8617  8867 I C04500/chromium: [external_begin_frame_source_ohos.cc:58] VSyncUserData constructor!!!
02-17 05:32:20.452  8617  8867 I C04500/chromium: [root_compositor_frame_sink_impl_ext.cc:61] rootCompositorFrameSinkImpl::SetDrawMode
02-17 05:32:20.452  8617  8867 I C04500/chromium: [arkweb_display_utils.cc:210] SetDrawMode mode=0
02-17 05:32:20.452  8617  8867 I C01406/OHOS::RS: RSFrameRateLinker::Create id: 37009733189633
02-17 05:32:20.453  8617  8867 W C03f00/MUSL-LDSO: load absolute_path /system/lib64/libaps_client.z.so: check ns accessible failed namespace=ndk.
02-17 05:32:20.453  8617  8867 W C03f00/MUSL-LDSO: load /system/lib64/libaps_client.z.so failed, namespace=ndk no inherits, errno=2
02-17 05:32:20.453  8617  8867 W C03f00/MUSL-LDSO: load /system/lib64/libaps_client.z.so failed, namespace=default, errno=2
02-17 05:32:20.453  8617  8867 W C03f00/MUSL-LDSO: dlopen_impl load library header failed for /system/lib64/libaps_client.z.so
02-17 05:32:20.453  8617  8867 E C04500/webadapter: [vsync_adapter_impl.cpp:234] APSManagerClient not found
02-17 05:32:20.453  8617  8867 I C04500/webadapter: [res_sched_client_adapter_impl.cpp:294] ReportKeyThread status: 0, uid: 20010058, pid: 8617, tid:8889, role: 0
02-17 05:32:20.453  8617  8867 I C04500/chromium: [arkweb_display_utils.cc:295] Display::Resize newSize = 1081x2125
02-17 05:32:20.453  8617  8867 I C04500/chromium: [direct_renderer.cc:172] DirectRenderer::SetVisible status change, visible_ = 1
02-17 05:32:20.458  8617  8617 I C04500/chromium: [async_layer_tree_frame_sink_utils.cc:80] web render log: first call SubmitCompositorFrame, local_surface_id = LocalSurfaceId(1, 1, 0A46...)
02-17 05:32:20.460  8617  8853 I C04500/chromium: [arkweb_render_process_host_impl_utils.cc:545] TEST0324 ReportKeyThread pid = 8884, tid = 8892, role = 0
02-17 05:32:20.460  8617  8853 I C04500/webadapter: [res_sched_client_adapter_impl.cpp:294] ReportKeyThread status: 0, uid: 20010058, pid: 8884, tid:8892, role: 0
02-17 05:32:20.462  8617  8617 I C04500/cef: [render_process_state_handler.cc:111] RenderProcessStateHandler::UpdateRenderProcessState: ReportRenderProcessStatus render_id: 8884 report_background_state: 0
02-17 05:32:20.463  8617  8617 W C04500/webview: [nweb_config_helper.cpp:514] not found perf config for web_config: factoryConfig/factoryLevel
02-17 05:32:20.463  8617  8617 W C04500/webview: [nweb_config_helper.cpp:514] not found perf config for web_config: factoryConfig/factoryLevel
02-17 05:32:20.463  8617  8617 W C04500/webadapter: [system_properties_adapter_impl.cpp:127] read config factoryLevel: fail
02-17 05:32:20.463  8617  8617 W C04500/webview: [nweb_config_helper.cpp:514] not found perf config for web_config: factoryConfig/factoryLevel
02-17 05:32:20.463  8617  8617 W C04500/webview: [nweb_config_helper.cpp:514] not found perf config for web_config: factoryConfig/factoryLevel
02-17 05:32:20.463  8617  8617 W C04500/webadapter: [system_properties_adapter_impl.cpp:127] read config factoryLevel: fail
02-17 05:32:20.463  8617  8617 I C04500/chromium: [date_time_format_adapter_impl.cpp:57] Reg Timezone Event.
02-17 05:32:20.463  8617  8617 I C04500/chromium: [date_time_format_adapter_impl.cpp:87] start time_zone listen.
02-17 05:32:20.464  8617  8617 I C01719/ffrt: 9:QueueHandler:71 construct sq_ces_queue_4_5 succ, qos[2]
02-17 05:32:20.466  8617  8617 I C04500/chromium: [sysprop_render_observer_ohos.cc:102] SysPropRenderObserverOhosImpl start to listen system parameter.
02-17 05:32:20.473  8617  8853 I C04500/chromium: [arkweb_render_process_host_impl_utils.cc:545] TEST0324 ReportKeyThread pid = 8884, tid = 8895, role = 2
02-17 05:32:20.473  8617  8853 I C04500/webadapter: [res_sched_client_adapter_impl.cpp:294] ReportKeyThread status: 0, uid: 20010058, pid: 8884, tid:8895, role: 2
02-17 05:32:20.497  8617  8617 I C04500/chromium: [nweb_handler_delegate.cc:1646] NWebHandlerDelegate::OnNavigationEntryCommitted
02-17 05:32:20.499  8617  8617 I C04500/cef: [oh_autofill_manager.cc:565] Reset
02-17 05:32:20.500  8617  8617 I C04500/chromium: [nweb_handler_delegate.cc:1496] NWebHandlerDelegate::OnLoadStart
02-17 05:32:20.500  8617  8617 W C04500/chromium: [arkweb_native_object.cc:76] NativeArkWeb load start callback is nullptr
02-17 05:32:20.500  8617  8617 I C04500/chromium: [nweb_handler_delegate.cc:4701] NWebHandlerDelegate::OnLoadStarted
02-17 05:32:20.500  8617  8617 I C04500/cef: [browser_contents_delegate.cc:676] load type = 1
02-17 05:32:20.500  8617  8617 W C04500/webview: [nweb_config_helper.cpp:514] not found perf config for web_config: factoryConfig/factoryLevel
02-17 05:32:20.501  8617  8617 W C04500/webview: [nweb_config_helper.cpp:514] not found perf config for web_config: factoryConfig/factoryLevel
02-17 05:32:20.501  8617  8617 W C04500/webadapter: [system_properties_adapter_impl.cpp:127] read config factoryLevel: fail
02-17 05:32:20.501  8617  8617 W C04500/webview: [nweb_config_helper.cpp:514] not found perf config for web_config: factoryConfig/factoryLevel
02-17 05:32:20.501  8617  8617 W C04500/webview: [nweb_config_helper.cpp:514] not found perf config for web_config: factoryConfig/factoryLevel
02-17 05:32:20.501  8617  8617 W C04500/webadapter: [system_properties_adapter_impl.cpp:127] read config factoryLevel: fail
02-17 05:32:20.501  8617  8867 I C04500/chromium: [arkweb_display_utils.cc:295] Display::Resize newSize = 1080x2124
02-17 05:32:20.502  8617  8617 I C02b91/AVSession: [CurlSetRequestOptions]DoDownload curl easy_perform failure: URL using bad/illegal format or missing URL
02-17 05:32:20.502  8617  8617 I C04500/chromium: [media_avsession_adapter_impl.cpp:365] UpdateMetaDataCache return updated: 1
02-17 05:32:20.503  8617  8617 I A00000/CapacitorBridge: Intercepted request: http://localhost/assets/index-B7d7nn1N.js
02-17 05:32:20.503  8617  8617 I A00000/CapacitorBridge: Serving asset: assets/index-B7d7nn1N.js (154393 bytes, application/javascript)
02-17 05:32:20.504  8617  8617 I A00000/CapacitorBridge: Intercepted request: http://localhost/assets/index-DyaJ3fSD.css
02-17 05:32:20.505  8617  8617 I A00000/CapacitorBridge: Serving asset: assets/index-DyaJ3fSD.css (69 bytes, text/css)
02-17 05:32:20.505  8617  8617 I A00000/CapacitorBridge: Capacitor Global Injection Hook
02-17 05:32:20.505  8617  8617 W C04500/webview: [nweb_config_helper.cpp:514] not found perf config for web_config: flowBufferConfig/maxFdNumber
02-17 05:32:20.510  8617  8874 I C04500/chromium: [gpu_mojo_media_client_ohos.cc:69] GetPlatformSupportedVideoDecoderConfigs
02-17 05:32:20.516  8617  8617 I A00000/WebViewConsole: Console event triggered
02-17 05:32:20.516  8617  8617 I A00000/WebViewConsole: Starting Capacitor OpenHarmony Bridge Injection
02-17 05:32:20.517  8617  8617 I A01194/ARKWEB-CONSOLE: [CONSOLE:3] "Starting Capacitor OpenHarmony Bridge Injection", source:  (3)
02-17 05:32:20.517  8617  8617 I A00000/WebViewConsole: Console event triggered
02-17 05:32:20.517  8617  8617 I A00000/WebViewConsole: Capacitor OpenHarmony Bridge Injected
02-17 05:32:20.517  8617  8617 I A01194/ARKWEB-CONSOLE: [CONSOLE:89] "Capacitor OpenHarmony Bridge Injected", source:  (89)
02-17 05:32:20.517  8617  8898 W C01719/ffrt: 10:TrivalOpenQosCtrlNode:64 pid 8617 belong to user 20010058 open qos node warn, fd:-1, eno:2, No such file or directory
02-17 05:32:20.518  8617  8617 I C02b91/AVSession: [CurlSetRequestOptions]DoDownload curl easy_perform failure: URL using bad/illegal format or missing URL
02-17 05:32:20.518  8617  8617 I C04500/chromium: [media_avsession_adapter_impl.cpp:365] UpdateMetaDataCache return updated: 1
02-17 05:32:20.526  8617  8867 I C04500/chromium: [arkweb_display_utils.cc:333] resize_output_surface = 1080x2124
02-17 05:32:20.526  8617  8867 I C04500/chromium: [arkweb_display_utils.cc:334] output_rect = 0,0 1081x2125
02-17 05:32:20.526  8617  8867 I C04500/chromium: [arkweb_display_utils.cc:347] output_rect modify = 0,0 1080x2124
02-17 05:32:20.526  8617  8880 I C04500/chromium: [gl_surface_egl_ohos.cc:189] NativeViewGLSurfaceEGLOhos::SetNativeInnerWeb is 0
02-17 05:32:20.526  8617  8880 I C04500/chromium: [gl_surface_egl_ohos.cc:197] NativeViewGLSurfaceEGLOhos::SetBypassVsyncCondition is 0
02-17 05:32:20.528  8617  8880 I C04500/chromium: [gl_surface_egl_ohos.cc:87] web render log: first call SwapBuffers, size = 1080x2124
02-17 05:32:20.538  8617  8617 I C04500/chromium: [arkweb_content_subresource_filter_throttle_manager_ext.cc:129] [AdBlock] subresource map.size():0
02-17 05:32:20.539  8617  8617 I C04500/chromium: [nweb_handler_delegate.cc:1529] NWebHandlerDelegate::OnLoadEnd
02-17 05:32:20.539  8617  8617 I C04500/chromium: [nweb_handler_delegate.cc:1533] NWebHandlerDelegate:: Mainframe OnLoadEnd
02-17 05:32:20.539  8617  8617 W C04500/chromium: [arkweb_native_object.cc:85] NativeArkWeb load end callback is nullptr
02-17 05:32:20.539  8617  8617 I C04500/chromium: [nweb_handler_delegate.cc:4713] NWebHandlerDelegate::OnLoadFinished
02-17 05:32:20.540  8617  8617 W C04500/cef: [arkweb_icon_helper_ext.cc:122] No icon sizes available for URL: ***
02-17 05:32:20.540  8617  8617 I C02b91/AVSession: [CurlSetRequestOptions]DoDownload curl easy_perform failure: URL using bad/illegal format or missing URL
02-17 05:32:20.540  8617  8617 I C04500/chromium: [media_avsession_adapter_impl.cpp:365] UpdateMetaDataCache return updated: 1
02-17 05:32:20.540  8617  8617 I A00000/WebViewStatus: Page load finished
02-17 05:32:20.540  8617  8617 I C0391b/AceWeb: [web_pattern.cpp(6476)-(100000:100000:scope)] WebPattern::OnScrollEndRecursive
02-17 05:32:20.541  8617  8617 I C0391b/AceWeb: [web_delegate.cpp(5124)-(100000:100000:scope)] OnPageFinished:Start to RunJsInit.
02-17 05:32:20.541  8617  8617 I C0391b/AceWeb: [web_pattern.cpp(6476)-(100000:100000:scope)] WebPattern::OnScrollEndRecursive
02-17 05:32:20.554  8617  8617 I C0391b/AceWeb: [web_pattern.cpp(6670)-(100000:100000:scope)] OnRootLayerChanged width : 1080, height : 2125
02-17 05:32:20.555  8617  8617 I A00000/WebViewConsole: Console event triggered
02-17 05:32:20.555  8617  8617 I A00000/WebViewConsole: App Mounted - Checking Device Info
02-17 05:32:20.555  8617  8617 I A01194/ARKWEB-CONSOLE: [CONSOLE:40] "App Mounted - Checking Device Info", source: http://localhost/assets/index-B7d7nn1N.js (40)
02-17 05:32:20.555  8617  8617 I A00000/WebViewConsole: Console event triggered
02-17 05:32:20.555  8617  8617 I A00000/WebViewConsole: Capacitor Platform: android
02-17 05:32:20.555  8617  8617 I A01194/ARKWEB-CONSOLE: [CONSOLE:40] "Capacitor Platform: android", source: http://localhost/assets/index-B7d7nn1N.js (40)
02-17 05:32:20.555  8617  8617 I A00000/WebViewConsole: Console event triggered
02-17 05:32:20.555  8617  8617 I A00000/WebViewConsole: Capacitor Native: true
02-17 05:32:20.555  8617  8617 I A01194/ARKWEB-CONSOLE: [CONSOLE:40] "Capacitor Native: true", source: http://localhost/assets/index-B7d7nn1N.js (40)
02-17 05:32:20.556  8617  8617 I A00000/WebViewConsole: Console event triggered
02-17 05:32:20.556  8617  8617 I A00000/WebViewConsole: Capacitor Plugins: ["CapacitorCookies","CapacitorHttp","Device"]
02-17 05:32:20.556  8617  8617 I A01194/ARKWEB-CONSOLE: [CONSOLE:40] "Capacitor Plugins: ["CapacitorCookies","CapacitorHttp","Device"]", source: http://localhost/assets/index-B7d7nn1N.js (40)
02-17 05:32:20.556  8617  8617 I A00000/WebViewConsole: Console event triggered
02-17 05:32:20.556  8617  8617 I A00000/WebViewConsole: androidBridge found. typeof postMessage: function
02-17 05:32:20.556  8617  8617 I A01194/ARKWEB-CONSOLE: [CONSOLE:40] "androidBridge found. typeof postMessage: function", source: http://localhost/assets/index-B7d7nn1N.js (40)
02-17 05:32:20.556  8617  8617 I A00000/CapacitorBridge: Received message: {"type":"message","callbackId":"test-1","pluginId":"Device","methodName":"getInfo","options":{}}
02-17 05:32:20.557  8617  8617 I A00000/CapacitorBridge: Routing to plugin: Device method: getInfo
02-17 05:32:20.557  8617  8831 E C04500/chromium: [gl_display.cc:493] EGL Driver message (Error) eglQuerySurface: eglQuerySurface
02-17 05:32:20.557  8617  8831 E C01406/OHOS::RS: QueryEglBufferAge: eglQuerySurface is failed
02-17 05:32:20.558  8617  8831 I C01406/OHOS::RS: RSRenderThreadVisitor::ClipHoleForSurfaceNode node : 37009733189656,clip [1.000000, 1.000000, 1078.000000, 2122.000000]
02-17 05:32:20.558  8617  8617 I C04500/cef: [browser_contents_delegate.cc:639] invokeVisualStateCallback success: 1
02-17 05:32:20.558  8617  8617 I C04500/cef: [arkweb_browser_contents_delegate_ext.cc:355] ArkWebBrowserContentsDelegateExt::OldPageNoLongerRendered
02-17 05:32:20.558  8617  8617 I C04500/chromium: [nweb_handler_delegate.cc:1570] NWebHandlerDelegate::OnPageVisible
02-17 05:32:20.558  8617  8617 I C0391b/AceWeb: [web_client_impl.cpp(853)-(-2:100000:singleton)] WebClientImpl::OnPageVisible override enter
02-17 05:32:20.558  8617  8617 I C0391b/AceWeb: [web_delegate.cpp(6475)-(100000:100000:scope)] WebDelegate::OnPageVisible, web id = 1
02-17 05:32:20.558  8617  8617 I C0391b/AceWeb: [web_delegate.cpp(6479)-(100000:100000:scope)] The developer has not registered this OnPageVisible event
02-17 05:32:20.558  8617  8617 I A00000/WebViewConsole: Console event triggered
02-17 05:32:20.558  8617  8617 I A00000/WebViewConsole: Manual postMessage called
02-17 05:32:20.558  8617  8617 I A01194/ARKWEB-CONSOLE: [CONSOLE:40] "Manual postMessage called", source: http://localhost/assets/index-B7d7nn1N.js (40)
02-17 05:32:20.559  8617  8617 I A00000/CapacitorBridge: Received message: {"type":"message","callbackId":"1771277540558-679","pluginId":"Device","methodName":"getInfo","options":{}}
02-17 05:32:20.559  8617  8617 I A00000/CapacitorBridge: Routing to plugin: Device method: getInfo
02-17 05:32:20.560  8617  8617 I C04500/chromium: [nweb_handler_delegate.cc:2922] OnScaleInited scale: 100
02-17 05:32:20.562  8617  8617 I A00000/WebViewConsole: Console event triggered
02-17 05:32:20.562  8617  8617 I A00000/WebViewConsole: fromNative {"pluginId":"PluginName","methodName":"MethodName","callbackId":"test-1","success":true,"data":{"model":"OnePlus 6T","platform":"openharmony","osVersion":"OpenHarmony-6.0.0.47(Beta2)","manufacturer":"OnePlus","isVirtual":false,"memUsed":0,"realDiskFree":0,"realDiskTotal":0,"webViewVersion":"N/A"},"error":null}
02-17 05:32:20.562  8617  8617 I A01194/ARKWEB-CONSOLE: [CONSOLE:28] "fromNative {"pluginId":"PluginName","methodName":"MethodName","callbackId":"test-1","success":true,"data":{"model":"OnePlus 6T","platform":"openharmony","osVersion":"OpenHarmony-6.0.0.47(Beta2)","manufacturer":"OnePlus","isVirtual":false,"memUsed":0,"realDiskFree":0,"realDiskTotal":0,"webViewVersion":"N/A"},"error":null}", source:  (28)
02-17 05:32:20.562  8617  8617 I A00000/WebViewConsole: Console event triggered
02-17 05:32:20.562  8617  8617 I A00000/WebViewConsole: fromNative {"pluginId":"PluginName","methodName":"MethodName","callbackId":"1771277540558-679","success":true,"data":{"model":"OnePlus 6T","platform":"openharmony","osVersion":"OpenHarmony-6.0.0.47(Beta2)","manufacturer":"OnePlus","isVirtual":false,"memUsed":0,"realDiskFree":0,"realDiskTotal":0,"webViewVersion":"N/A"},"error":null}
02-17 05:32:20.562  8617  8617 I A01194/ARKWEB-CONSOLE: [CONSOLE:28] "fromNative {"pluginId":"PluginName","methodName":"MethodName","callbackId":"1771277540558-679","success":true,"data":{"model":"OnePlus 6T","platform":"openharmony","osVersion":"OpenHarmony-6.0.0.47(Beta2)","manufacturer":"OnePlus","isVirtual":false,"memUsed":0,"realDiskFree":0,"realDiskTotal":0,"webViewVersion":"N/A"},"error":null}", source:  (28)
02-17 05:32:20.563  8617  8617 I A00000/WebViewConsole: Console event triggered
02-17 05:32:20.563  8617  8617 I A00000/WebViewConsole: Device Info: {"model":"OnePlus 6T","platform":"openharmony","osVersion":"OpenHarmony-6.0.0.47(Beta2)","manufacturer":"OnePlus","isVirtual":false,"memUsed":0,"realDiskFree":0,"realDiskTotal":0,"webViewVersion":"N/A"}
02-17 05:32:20.563  8617  8617 I A01194/ARKWEB-CONSOLE: [CONSOLE:40] "Device Info: {"model":"OnePlus 6T","platform":"openharmony","osVersion":"OpenHarmony-6.0.0.47(Beta2)","manufacturer":"OnePlus","isVirtual":false,"memUsed":0,"realDiskFree":0,"realDiskTotal":0,"webViewVersion":"N/A"}", source: http://localhost/assets/index-B7d7nn1N.js (40)
02-17 05:32:20.565  8617  8899 W C01719/ffrt: 11:TrivalOpenQosCtrlNode:64 pid 8617 belong to user 20010058 open qos node warn, fd:-1, eno:2, No such file or directory
02-17 05:32:20.565  8617  8617 I A00000/CapacitorBridge: Intercepted request: http://localhost/favicon.ico
02-17 05:32:20.565  8617  8617 E C01e00/ResourceManagerJs: Failed to get rawfile
02-17 05:32:20.566  8617  8617 E A00000/CapacitorBridge: Failed to load asset or decode path: http://localhost/favicon.ico error: {"code":"9001005"}
02-17 05:32:20.568  8617  8617 E A00000/WebViewHttpError: HttpError: http://localhost/favicon.ico, 404
02-17 05:32:20.570  8617  8617 I A00000/CapacitorBridge: Intercepted request: http://localhost/favicon.ico
02-17 05:32:20.570  8617  8617 E C01e00/ResourceManagerJs: Failed to get rawfile
02-17 05:32:20.570  8617  8617 E A00000/CapacitorBridge: Failed to load asset or decode path: http://localhost/favicon.ico error: {"code":"9001005"}
02-17 05:32:20.571  8617  8617 E A00000/WebViewHttpError: HttpError: http://localhost/favicon.ico, 404
02-17 05:32:20.611  8617  8858 I C04500/chromium: [gl_features.cc:191] hmz1106, kDefaultPassthroughCommandDecoder, DISABLE
02-17 05:32:20.636  8617  8858 I C04500/chromium: [gl_features.cc:191] hmz1106, kDefaultPassthroughCommandDecoder, DISABLE
02-17 05:32:20.640  8617  8905 W C01719/ffrt: 12:operator():107 [-749475528] set priority warn ret[1] eno[22]
02-17 05:32:20.802  8617  8617 I C04500/chromium: [nweb_handler_delegate.cc:1579] NWebHandlerDelegate::OnFirstContentfulPaint
02-17 05:32:20.802  8617  8617 I C0391b/AceWeb: [web_delegate.cpp(6498)-(100000:100000:scope)] WebDelegate::OnFirstContentfulPaint, web id = 1
02-17 05:32:20.969  8617  8617 I C01356/Recovery: [app_recovery.cpp:468]fileDir: /data/storage/el2/base/files
02-17 05:32:21.476  8617  8868 I C04500/chromium: [ohos_video_encode_accelerator.cc:44] ohos video encode accelerator create
02-17 05:32:21.477  8617  8868 I C02b30/AVCodecClient: {GetAVCodecProxy():172} In
02-17 05:32:21.481  8617  8868 I C04500/chromium: [ohos_video_encode_accelerator.cc:67] OHOSVideoEncodeAccelerator::GetSupportedProfiles, maxWidth: 4096, maxHeight: 4096, maxframeRate60
02-17 05:32:21.481  8617  8868 I C04500/chromium: [ohos_video_encode_accelerator.cc:67] OHOSVideoEncodeAccelerator::GetSupportedProfiles, maxWidth: 4096, maxHeight: 4096, maxframeRate60
02-17 05:32:21.481  8617  8868 I C04500/chromium: [ohos_video_encode_accelerator.cc:201] virtual void media::OHOSVideoEncodeAccelerator::Destroy()
02-17 05:32:21.481  8617  8868 I C04500/chromium: [ohos_video_encode_accelerator.cc:49] ohos video encode accelerator destroy
02-17 05:32:21.559  8617  8617 I C0391b/AceWeb: [web_delegate.cpp(6532)-(100000:100000:scope)] WebDelegate::EnableHardware, web id = 1
02-17 05:32:21.577  8617  8617 I C04500/chromium: [nweb_handler_delegate.cc:1589] NWebHandlerDelegate::OnFirstMeaningfulPaint
02-17 05:32:21.577  8617  8617 I C0391b/AceWeb: [web_delegate.cpp(6507)-(100000:100000:scope)] WebDelegate::OnFirstMeaningfulPaint, web id = 1
02-17 05:32:21.950  8617  8809 I C03f00/ArkCompiler: [gc] SmartGC: app cold start just finished
02-17 05:32:21.967  8617  8914 I C04500/webview: [ark_web_nweb_webview_bridge_helper.cpp:74] [webview]: library resources have been loaded
02-17 05:32:22.489  8617  8879 I C04500/chromium: [create_video_capture_device_factory.cc:104] CreateVideoCaptureDeviceFactory
02-17 05:32:22.491  8617  8617 I C04500/chromium: [nweb_file_writer_cleaner.cc:78] OnBackgroundTaskFinished.
02-17 05:32:22.492  8617  8617 I C04500/chromium: [extension_updater.cc:397] Starting update check 0
02-17 05:32:22.492  8617  8617 I C04500/chromium: [extension_updater.cc:336] Extension ahfgeienlihckogmohjhadlkjgocpleb is not auto updateable
02-17 05:32:22.492  8617  8617 I C04500/chromium: [extension_updater.cc:336] Extension mhjfbmdgcfjbbpaeojofohoefgiehjai is not auto updateable
02-17 05:32:22.492  8617  8617 I C04500/chromium: [extension_updater.cc:904] Finished update check 0
02-17 05:32:25.237  8617  8617 I C03f00/ArkCompiler: [ecmascript] PandaFileSnapshotInterfaces::Serialize: /data/storage/system_optimize/ark_startup_cache/
02-17 05:32:25.238  8617  8617 I C03f00/ArkCompiler: [ecmascript] PandaFileSnapshotInterfaces::Serialize: /data/storage/system_optimize/ark_startup_cache/ is not exists
02-17 05:32:25.238  8617  8617 I C03f00/ArkCompiler: [ecmascript] ModuleSnapshotInterfaces::Serialize: /data/storage/system_optimize/ark_startup_cache/
02-17 05:32:25.238  8617  8617 I C03f00/ArkCompiler: [ecmascript] ModuleSnapshotInterface::Serialize: /data/storage/system_optimize/ark_startup_cache/ is not exists
02-17 05:32:25.408  8617  8873 I C04500/chromium: [res_parallel_preload_ctrler.h:21] PRPPreload.ResParallelPreloadCtrler::~ResParallelPreloadCtrler
02-17 05:32:25.409  8617  8873 I C04500/chromium: [disk_cache_file.h:87] PRPPreload.DiskCacheFile::~DiskCacheFile
02-17 05:32:27.950  8617  8809 I C03f00/ArkCompiler: [gc] SmartGC: app cold start finished
02-17 05:32:35.542  8617  8617 I C02805/InputKeyFlow: [][OnPointerEvent:217] ac: down: 1
02-17 05:32:35.543  8617  8617 I C02805/InputKeyFlow: [P:D:1][OnPointerEvent:639] recv
02-17 05:32:35.543  8617  8617 I C04213/InputKeyFlow: [input_transfer_station.cpp] HandleInputEvent: eid:0,InputId:1,wid:34,ac:2
02-17 05:32:35.545  8617  8617 I C02220/IntentionClient: in Connect, enter
02-17 05:32:35.545  8617  8617 I C02220/IntentionClient: in Connect, leave
02-17 05:32:35.546  8617  8617 I C02220/IntentionClient: in Connect, enter
02-17 05:32:35.547  8617  8617 I C02220/IntentionClient: in Connect, leave
02-17 05:32:35.548  8617  8617 W C03926/AceTheme: [theme_style.h(136)-(100000:100000:scope)] style 125829872 not contains app_theme_pattern!
